Archive member included because of file (symbol)

c:/program files (x86)/gnu tools arm embedded/4.9 2014q4/bin/../lib/gcc/arm-none-eabi/4.9.3/armv7e-m\libgcc.a(_arm_addsubsf3.o)
                              ..\obj\main.o (__aeabi_ui2f)

Discarded input sections

 .text          0x00000000        0x0 ..\obj\stm32f30x_rcc.o
 .bss           0x00000000        0x0 ..\obj\stm32f30x_rcc.o
 .text.RCC_DeInit
                0x00000000       0x7c ..\obj\stm32f30x_rcc.o
 .text.RCC_HSEConfig
                0x00000000       0x24 ..\obj\stm32f30x_rcc.o
 .text.RCC_WaitForHSEStartUp
                0x00000000       0x50 ..\obj\stm32f30x_rcc.o
 .text.RCC_AdjustHSICalibrationValue
                0x00000000       0x3c ..\obj\stm32f30x_rcc.o
 .text.RCC_HSICmd
                0x00000000       0x20 ..\obj\stm32f30x_rcc.o
 .text.RCC_LSEConfig
                0x00000000       0x3c ..\obj\stm32f30x_rcc.o
 .text.RCC_LSEDriveConfig
                0x00000000       0x30 ..\obj\stm32f30x_rcc.o
 .text.RCC_LSICmd
                0x00000000       0x20 ..\obj\stm32f30x_rcc.o
 .text.RCC_PLLConfig
                0x00000000       0x34 ..\obj\stm32f30x_rcc.o
 .text.RCC_PLLCmd
                0x00000000       0x20 ..\obj\stm32f30x_rcc.o
 .text.RCC_PREDIV1Config
                0x00000000       0x38 ..\obj\stm32f30x_rcc.o
 .text.RCC_ClockSecuritySystemCmd
                0x00000000       0x20 ..\obj\stm32f30x_rcc.o
 .text.RCC_MCOConfig
                0x00000000       0x20 ..\obj\stm32f30x_rcc.o
 .text.RCC_SYSCLKConfig
                0x00000000       0x38 ..\obj\stm32f30x_rcc.o
 .text.RCC_GetSYSCLKSource
                0x00000000       0x20 ..\obj\stm32f30x_rcc.o
 .text.RCC_HCLKConfig
                0x00000000       0x38 ..\obj\stm32f30x_rcc.o
 .text.RCC_PCLK1Config
                0x00000000       0x38 ..\obj\stm32f30x_rcc.o
 .text.RCC_PCLK2Config
                0x00000000       0x38 ..\obj\stm32f30x_rcc.o
 .text.RCC_ADCCLKConfig
                0x00000000       0x4c ..\obj\stm32f30x_rcc.o
 .text.RCC_I2CCLKConfig
                0x00000000       0x4c ..\obj\stm32f30x_rcc.o
 .text.RCC_TIMCLKConfig
                0x00000000       0x4c ..\obj\stm32f30x_rcc.o
 .text.RCC_USARTCLKConfig
                0x00000000       0x98 ..\obj\stm32f30x_rcc.o
 .text.RCC_USBCLKConfig
                0x00000000       0x1c ..\obj\stm32f30x_rcc.o
 .text.RCC_RTCCLKConfig
                0x00000000       0x24 ..\obj\stm32f30x_rcc.o
 .text.RCC_I2SCLKConfig
                0x00000000       0x1c ..\obj\stm32f30x_rcc.o
 .text.RCC_RTCCLKCmd
                0x00000000       0x20 ..\obj\stm32f30x_rcc.o
 .text.RCC_BackupResetCmd
                0x00000000       0x20 ..\obj\stm32f30x_rcc.o
 .text.RCC_AHBPeriphResetCmd
                0x00000000       0x3c ..\obj\stm32f30x_rcc.o
 .text.RCC_APB2PeriphResetCmd
                0x00000000       0x3c ..\obj\stm32f30x_rcc.o
 .text.RCC_APB1PeriphResetCmd
                0x00000000       0x3c ..\obj\stm32f30x_rcc.o
 .text.RCC_ITConfig
                0x00000000       0x4c ..\obj\stm32f30x_rcc.o
 .text.RCC_GetFlagStatus
                0x00000000       0x84 ..\obj\stm32f30x_rcc.o
 .text.RCC_ClearFlag
                0x00000000       0x1c ..\obj\stm32f30x_rcc.o
 .text.RCC_GetITStatus
                0x00000000       0x38 ..\obj\stm32f30x_rcc.o
 .text.RCC_ClearITPendingBit
                0x00000000       0x20 ..\obj\stm32f30x_rcc.o
 .text          0x00000000        0x0 ..\obj\stm32f30x_gpio.o
 .data          0x00000000        0x0 ..\obj\stm32f30x_gpio.o
 .bss           0x00000000        0x0 ..\obj\stm32f30x_gpio.o
 .text.GPIO_DeInit
                0x00000000       0xd4 ..\obj\stm32f30x_gpio.o
 .text.GPIO_StructInit
                0x00000000       0x34 ..\obj\stm32f30x_gpio.o
 .text.GPIO_PinLockConfig
                0x00000000       0x44 ..\obj\stm32f30x_gpio.o
 .text.GPIO_ReadInputDataBit
                0x00000000       0x38 ..\obj\stm32f30x_gpio.o
 .text.GPIO_ReadInputData
                0x00000000       0x1c ..\obj\stm32f30x_gpio.o
 .text.GPIO_ReadOutputDataBit
                0x00000000       0x38 ..\obj\stm32f30x_gpio.o
 .text.GPIO_ReadOutputData
                0x00000000       0x1c ..\obj\stm32f30x_gpio.o
 .text.GPIO_SetBits
                0x00000000       0x1c ..\obj\stm32f30x_gpio.o
 .text.GPIO_ResetBits
                0x00000000       0x1c ..\obj\stm32f30x_gpio.o
 .text.GPIO_WriteBit
                0x00000000       0x30 ..\obj\stm32f30x_gpio.o
 .text.GPIO_Write
                0x00000000       0x1c ..\obj\stm32f30x_gpio.o
 .text          0x00000000        0x0 ..\obj\main.o
 .data          0x00000000        0x0 ..\obj\main.o
 .bss           0x00000000        0x0 ..\obj\main.o
 .text          0x00000000        0x0 ..\obj\stm32f30x_spi.o
 .data          0x00000000        0x0 ..\obj\stm32f30x_spi.o
 .bss           0x00000000        0x0 ..\obj\stm32f30x_spi.o
 .text.SPI_I2S_DeInit
                0x00000000       0x74 ..\obj\stm32f30x_spi.o
 .text.SPI_StructInit
                0x00000000       0x4c ..\obj\stm32f30x_spi.o
 .text.SPI_Init
                0x00000000      0x114 ..\obj\stm32f30x_spi.o
 .text.I2S_StructInit
                0x00000000       0x38 ..\obj\stm32f30x_spi.o
 .text.I2S_Init
                0x00000000      0x17c ..\obj\stm32f30x_spi.o
 .text.SPI_Cmd  0x00000000       0x40 ..\obj\stm32f30x_spi.o
 .text.SPI_TIModeCmd
                0x00000000       0x40 ..\obj\stm32f30x_spi.o
 .text.I2S_Cmd  0x00000000       0x40 ..\obj\stm32f30x_spi.o
 .text.SPI_DataSizeConfig
                0x00000000       0x38 ..\obj\stm32f30x_spi.o
 .text.SPI_RxFIFOThresholdConfig
                0x00000000       0x38 ..\obj\stm32f30x_spi.o
 .text.SPI_BiDirectionalLineConfig
                0x00000000       0x40 ..\obj\stm32f30x_spi.o
 .text.SPI_NSSInternalSoftwareConfig
                0x00000000       0x44 ..\obj\stm32f30x_spi.o
 .text.I2S_FullDuplexConfig
                0x00000000       0x9c ..\obj\stm32f30x_spi.o
 .text.SPI_SSOutputCmd
                0x00000000       0x40 ..\obj\stm32f30x_spi.o
 .text.SPI_NSSPulseModeCmd
                0x00000000       0x40 ..\obj\stm32f30x_spi.o
 .text.SPI_SendData8
                0x00000000       0x2c ..\obj\stm32f30x_spi.o
 .text.SPI_I2S_SendData16
                0x00000000       0x1c ..\obj\stm32f30x_spi.o
 .text.SPI_ReceiveData8
                0x00000000       0x28 ..\obj\stm32f30x_spi.o
 .text.SPI_I2S_ReceiveData16
                0x00000000       0x1c ..\obj\stm32f30x_spi.o
 .text.SPI_CRCLengthConfig
                0x00000000       0x38 ..\obj\stm32f30x_spi.o
 .text.SPI_CalculateCRC
                0x00000000       0x40 ..\obj\stm32f30x_spi.o
 .text.SPI_TransmitCRC
                0x00000000       0x24 ..\obj\stm32f30x_spi.o
 .text.SPI_GetCRC
                0x00000000       0x34 ..\obj\stm32f30x_spi.o
 .text.SPI_GetCRCPolynomial
                0x00000000       0x1c ..\obj\stm32f30x_spi.o
 .text.SPI_I2S_DMACmd
                0x00000000       0x48 ..\obj\stm32f30x_spi.o
 .text.SPI_LastDMATransferCmd
                0x00000000       0x38 ..\obj\stm32f30x_spi.o
 .text.SPI_I2S_ITConfig
                0x00000000       0x60 ..\obj\stm32f30x_spi.o
 .text.SPI_GetTransmissionFIFOStatus
                0x00000000       0x20 ..\obj\stm32f30x_spi.o
 .text.SPI_GetReceptionFIFOStatus
                0x00000000       0x20 ..\obj\stm32f30x_spi.o
 .text.SPI_I2S_GetFlagStatus
                0x00000000       0x38 ..\obj\stm32f30x_spi.o
 .text.SPI_I2S_ClearFlag
                0x00000000       0x20 ..\obj\stm32f30x_spi.o
 .text.SPI_I2S_GetITStatus
                0x00000000       0x78 ..\obj\stm32f30x_spi.o
 .debug_info    0x00000000      0xb72 ..\obj\stm32f30x_spi.o
 .debug_abbrev  0x00000000      0x189 ..\obj\stm32f30x_spi.o
 .debug_aranges
                0x00000000      0x118 ..\obj\stm32f30x_spi.o
 .debug_ranges  0x00000000      0x108 ..\obj\stm32f30x_spi.o
 .debug_line    0x00000000      0x4ef ..\obj\stm32f30x_spi.o
 .debug_str     0x00000000      0x7cb ..\obj\stm32f30x_spi.o
 .comment       0x00000000       0x71 ..\obj\stm32f30x_spi.o
 .debug_frame   0x00000000      0x508 ..\obj\stm32f30x_spi.o
 .ARM.attributes
                0x00000000       0x33 ..\obj\stm32f30x_spi.o
 .text          0x00000000        0x0 ..\obj\stm32f30x_i2c.o
 .data          0x00000000        0x0 ..\obj\stm32f30x_i2c.o
 .bss           0x00000000        0x0 ..\obj\stm32f30x_i2c.o
 .text.I2C_DeInit
                0x00000000       0x44 ..\obj\stm32f30x_i2c.o
 .text.I2C_StructInit
                0x00000000       0x40 ..\obj\stm32f30x_i2c.o
 .text.I2C_SoftwareResetCmd
                0x00000000       0x30 ..\obj\stm32f30x_i2c.o
 .text.I2C_ITConfig
                0x00000000       0x3c ..\obj\stm32f30x_i2c.o
 .text.I2C_StretchClockCmd
                0x00000000       0x38 ..\obj\stm32f30x_i2c.o
 .text.I2C_StopModeCmd
                0x00000000       0x38 ..\obj\stm32f30x_i2c.o
 .text.I2C_DualAddressCmd
                0x00000000       0x38 ..\obj\stm32f30x_i2c.o
 .text.I2C_OwnAddress2Config
                0x00000000       0x4c ..\obj\stm32f30x_i2c.o
 .text.I2C_GeneralCallCmd
                0x00000000       0x38 ..\obj\stm32f30x_i2c.o
 .text.I2C_SlaveByteControlCmd
                0x00000000       0x38 ..\obj\stm32f30x_i2c.o
 .text.I2C_SlaveAddressConfig
                0x00000000       0x40 ..\obj\stm32f30x_i2c.o
 .text.I2C_10BitAddressingModeCmd
                0x00000000       0x38 ..\obj\stm32f30x_i2c.o
 .text.I2C_AutoEndCmd
                0x00000000       0x38 ..\obj\stm32f30x_i2c.o
 .text.I2C_ReloadCmd
                0x00000000       0x38 ..\obj\stm32f30x_i2c.o
 .text.I2C_NumberOfBytesConfig
                0x00000000       0x3c ..\obj\stm32f30x_i2c.o
 .text.I2C_MasterRequestConfig
                0x00000000       0x38 ..\obj\stm32f30x_i2c.o
 .text.I2C_GenerateSTART
                0x00000000       0x38 ..\obj\stm32f30x_i2c.o
 .text.I2C_GenerateSTOP
                0x00000000       0x38 ..\obj\stm32f30x_i2c.o
 .text.I2C_10BitAddressHeaderCmd
                0x00000000       0x38 ..\obj\stm32f30x_i2c.o
 .text.I2C_AcknowledgeConfig
                0x00000000       0x38 ..\obj\stm32f30x_i2c.o
 .text.I2C_GetAddressMatched
                0x00000000       0x20 ..\obj\stm32f30x_i2c.o
 .text.I2C_GetTransferDirection
                0x00000000       0x3c ..\obj\stm32f30x_i2c.o
 .text.I2C_SMBusAlertCmd
                0x00000000       0x38 ..\obj\stm32f30x_i2c.o
 .text.I2C_ClockTimeoutCmd
                0x00000000       0x38 ..\obj\stm32f30x_i2c.o
 .text.I2C_ExtendedClockTimeoutCmd
                0x00000000       0x38 ..\obj\stm32f30x_i2c.o
 .text.I2C_IdleClockTimeoutCmd
                0x00000000       0x38 ..\obj\stm32f30x_i2c.o
 .text.I2C_TimeoutAConfig
                0x00000000       0x40 ..\obj\stm32f30x_i2c.o
 .text.I2C_TimeoutBConfig
                0x00000000       0x44 ..\obj\stm32f30x_i2c.o
 .text.I2C_CalculatePEC
                0x00000000       0x38 ..\obj\stm32f30x_i2c.o
 .text.I2C_PECRequestCmd
                0x00000000       0x38 ..\obj\stm32f30x_i2c.o
 .text.I2C_GetPEC
                0x00000000       0x1c ..\obj\stm32f30x_i2c.o
 .text.I2C_ReadRegister
                0x00000000       0x2c ..\obj\stm32f30x_i2c.o
 .text.I2C_DMACmd
                0x00000000       0x3c ..\obj\stm32f30x_i2c.o
 .text.I2C_GetITStatus
                0x00000000       0x80 ..\obj\stm32f30x_i2c.o
 .text.I2C_ClearITPendingBit
                0x00000000       0x1c ..\obj\stm32f30x_i2c.o
 .text          0x00000000        0x0 ..\obj\mpu6050.o
 .bss           0x00000000        0x0 ..\obj\mpu6050.o
 .text.MPU6050_Test
                0x00000000       0x2c ..\obj\mpu6050.o
 .text.MPU6050_Gyro_Get_Range
                0x00000000       0x2c ..\obj\mpu6050.o
 .text.MPU6050_Accel_Get_Range
                0x00000000       0x2c ..\obj\mpu6050.o
 .text.MPU6050_Get_Temperature
                0x00000000       0x54 ..\obj\mpu6050.o
 .text          0x00000000        0x0 ..\obj\system_stm32f30x_temp.o
 .data          0x00000000       0x14 ..\obj\system_stm32f30x_temp.o
 .bss           0x00000000        0x0 ..\obj\system_stm32f30x_temp.o
 .text.SystemCoreClockUpdate1
                0x00000000       0xd4 ..\obj\system_stm32f30x_temp.o
 .text          0x00000000        0x0 ..\obj\syscalls.o
 .data          0x00000000        0x0 ..\obj\syscalls.o
 .bss           0x00000000        0x4 ..\obj\syscalls.o
 .text._sbrk    0x00000000       0x40 ..\obj\syscalls.o
 .text.link     0x00000000       0x1c ..\obj\syscalls.o
 .text._close   0x00000000       0x18 ..\obj\syscalls.o
 .text._fstat   0x00000000       0x20 ..\obj\syscalls.o
 .text._isatty  0x00000000       0x18 ..\obj\syscalls.o
 .text._lseek   0x00000000       0x1c ..\obj\syscalls.o
 .text._read    0x00000000       0x1c ..\obj\syscalls.o
 .text._write   0x00000000       0x50 ..\obj\syscalls.o
 .text.abort    0x00000000        0x8 ..\obj\syscalls.o
 .debug_info    0x00000000      0x555 ..\obj\syscalls.o
 .debug_abbrev  0x00000000      0x16d ..\obj\syscalls.o
 .debug_aranges
                0x00000000       0x60 ..\obj\syscalls.o
 .debug_ranges  0x00000000       0x50 ..\obj\syscalls.o
 .debug_line    0x00000000      0x2be ..\obj\syscalls.o
 .debug_str     0x00000000      0x365 ..\obj\syscalls.o
 .comment       0x00000000       0x71 ..\obj\syscalls.o
 .debug_frame   0x00000000      0x164 ..\obj\syscalls.o
 .ARM.attributes
                0x00000000       0x33 ..\obj\syscalls.o
 .text          0x00000000        0x0 ..\obj\stm32f30x_misc.o
 .data          0x00000000        0x0 ..\obj\stm32f30x_misc.o
 .bss           0x00000000        0x0 ..\obj\stm32f30x_misc.o
 .text.NVIC_PriorityGroupConfig
                0x00000000       0x24 ..\obj\stm32f30x_misc.o
 .text.NVIC_Init
                0x00000000       0xc4 ..\obj\stm32f30x_misc.o
 .text.NVIC_SetVectorTable
                0x00000000       0x2c ..\obj\stm32f30x_misc.o
 .text.NVIC_SystemLPConfig
                0x00000000       0x40 ..\obj\stm32f30x_misc.o
 .text.SysTick_CLKSourceConfig
                0x00000000       0x38 ..\obj\stm32f30x_misc.o
 .debug_info    0x00000000      0x53d ..\obj\stm32f30x_misc.o
 .debug_abbrev  0x00000000      0x145 ..\obj\stm32f30x_misc.o
 .debug_aranges
                0x00000000       0x40 ..\obj\stm32f30x_misc.o
 .debug_ranges  0x00000000       0x30 ..\obj\stm32f30x_misc.o
 .debug_line    0x00000000      0x250 ..\obj\stm32f30x_misc.o
 .debug_str     0x00000000      0x3d2 ..\obj\stm32f30x_misc.o
 .comment       0x00000000       0x71 ..\obj\stm32f30x_misc.o
 .debug_frame   0x00000000       0xd8 ..\obj\stm32f30x_misc.o
 .ARM.attributes
                0x00000000       0x33 ..\obj\stm32f30x_misc.o
 .text          0x00000000        0x0 ..\obj\stm32f30x_tim.o
 .data          0x00000000        0x0 ..\obj\stm32f30x_tim.o
 .bss           0x00000000        0x0 ..\obj\stm32f30x_tim.o
 .text.TIM_DeInit
                0x00000000      0x148 ..\obj\stm32f30x_tim.o
 .text.TIM_TimeBaseStructInit
                0x00000000       0x34 ..\obj\stm32f30x_tim.o
 .text.TIM_PrescalerConfig
                0x00000000       0x28 ..\obj\stm32f30x_tim.o
 .text.TIM_CounterModeConfig
                0x00000000       0x38 ..\obj\stm32f30x_tim.o
 .text.TIM_SetCounter
                0x00000000       0x1c ..\obj\stm32f30x_tim.o
 .text.TIM_SetAutoreload
                0x00000000       0x1c ..\obj\stm32f30x_tim.o
 .text.TIM_GetCounter
                0x00000000       0x18 ..\obj\stm32f30x_tim.o
 .text.TIM_GetPrescaler
                0x00000000       0x1c ..\obj\stm32f30x_tim.o
 .text.TIM_UpdateDisableConfig
                0x00000000       0x40 ..\obj\stm32f30x_tim.o
 .text.TIM_UpdateRequestConfig
                0x00000000       0x40 ..\obj\stm32f30x_tim.o
 .text.TIM_UIFRemap
                0x00000000       0x40 ..\obj\stm32f30x_tim.o
 .text.TIM_ARRPreloadConfig
                0x00000000       0x40 ..\obj\stm32f30x_tim.o
 .text.TIM_SelectOnePulseMode
                0x00000000       0x38 ..\obj\stm32f30x_tim.o
 .text.TIM_SetClockDivision
                0x00000000       0x38 ..\obj\stm32f30x_tim.o
 .text.TIM_OC5Init
                0x00000000       0xb8 ..\obj\stm32f30x_tim.o
 .text.TIM_OC6Init
                0x00000000       0xac ..\obj\stm32f30x_tim.o
 .text.TIM_SelectGC5C1
                0x00000000       0x38 ..\obj\stm32f30x_tim.o
 .text.TIM_SelectGC5C2
                0x00000000       0x38 ..\obj\stm32f30x_tim.o
 .text.TIM_SelectGC5C3
                0x00000000       0x38 ..\obj\stm32f30x_tim.o
 .text.TIM_OCStructInit
                0x00000000       0x44 ..\obj\stm32f30x_tim.o
 .text.TIM_SelectOCxM
                0x00000000       0xac ..\obj\stm32f30x_tim.o
 .text.TIM_SetCompare1
                0x00000000       0x1c ..\obj\stm32f30x_tim.o
 .text.TIM_SetCompare2
                0x00000000       0x1c ..\obj\stm32f30x_tim.o
 .text.TIM_SetCompare3
                0x00000000       0x1c ..\obj\stm32f30x_tim.o
 .text.TIM_SetCompare4
                0x00000000       0x1c ..\obj\stm32f30x_tim.o
 .text.TIM_SetCompare5
                0x00000000       0x1c ..\obj\stm32f30x_tim.o
 .text.TIM_SetCompare6
                0x00000000       0x1c ..\obj\stm32f30x_tim.o
 .text.TIM_ForcedOC1Config
                0x00000000       0x3c ..\obj\stm32f30x_tim.o
 .text.TIM_ForcedOC2Config
                0x00000000       0x3c ..\obj\stm32f30x_tim.o
 .text.TIM_ForcedOC3Config
                0x00000000       0x38 ..\obj\stm32f30x_tim.o
 .text.TIM_ForcedOC4Config
                0x00000000       0x38 ..\obj\stm32f30x_tim.o
 .text.TIM_ForcedOC5Config
                0x00000000       0x38 ..\obj\stm32f30x_tim.o
 .text.TIM_ForcedOC6Config
                0x00000000       0x38 ..\obj\stm32f30x_tim.o
 .text.TIM_OC5PreloadConfig
                0x00000000       0x38 ..\obj\stm32f30x_tim.o
 .text.TIM_OC6PreloadConfig
                0x00000000       0x38 ..\obj\stm32f30x_tim.o
 .text.TIM_OC1FastConfig
                0x00000000       0x38 ..\obj\stm32f30x_tim.o
 .text.TIM_OC2FastConfig
                0x00000000       0x38 ..\obj\stm32f30x_tim.o
 .text.TIM_OC3FastConfig
                0x00000000       0x38 ..\obj\stm32f30x_tim.o
 .text.TIM_OC4FastConfig
                0x00000000       0x38 ..\obj\stm32f30x_tim.o
 .text.TIM_ClearOC1Ref
                0x00000000       0x38 ..\obj\stm32f30x_tim.o
 .text.TIM_ClearOC2Ref
                0x00000000       0x38 ..\obj\stm32f30x_tim.o
 .text.TIM_ClearOC3Ref
                0x00000000       0x38 ..\obj\stm32f30x_tim.o
 .text.TIM_ClearOC4Ref
                0x00000000       0x38 ..\obj\stm32f30x_tim.o
 .text.TIM_ClearOC5Ref
                0x00000000       0x38 ..\obj\stm32f30x_tim.o
 .text.TIM_ClearOC6Ref
                0x00000000       0x38 ..\obj\stm32f30x_tim.o
 .text.TIM_SelectOCREFClear
                0x00000000       0x30 ..\obj\stm32f30x_tim.o
 .text.TIM_OC1PolarityConfig
                0x00000000       0x38 ..\obj\stm32f30x_tim.o
 .text.TIM_OC1NPolarityConfig
                0x00000000       0x38 ..\obj\stm32f30x_tim.o
 .text.TIM_OC2PolarityConfig
                0x00000000       0x38 ..\obj\stm32f30x_tim.o
 .text.TIM_OC2NPolarityConfig
                0x00000000       0x38 ..\obj\stm32f30x_tim.o
 .text.TIM_OC3PolarityConfig
                0x00000000       0x38 ..\obj\stm32f30x_tim.o
 .text.TIM_OC3NPolarityConfig
                0x00000000       0x38 ..\obj\stm32f30x_tim.o
 .text.TIM_OC4PolarityConfig
                0x00000000       0x38 ..\obj\stm32f30x_tim.o
 .text.TIM_OC5PolarityConfig
                0x00000000       0x38 ..\obj\stm32f30x_tim.o
 .text.TIM_OC6PolarityConfig
                0x00000000       0x38 ..\obj\stm32f30x_tim.o
 .text.TIM_CCxCmd
                0x00000000       0x48 ..\obj\stm32f30x_tim.o
 .text.TIM_CCxNCmd
                0x00000000       0x48 ..\obj\stm32f30x_tim.o
 .text.TIM_ICInit
                0x00000000       0xa8 ..\obj\stm32f30x_tim.o
 .text.TIM_ICStructInit
                0x00000000       0x30 ..\obj\stm32f30x_tim.o
 .text.TIM_PWMIConfig
                0x00000000       0xb8 ..\obj\stm32f30x_tim.o
 .text.TIM_GetCapture1
                0x00000000       0x18 ..\obj\stm32f30x_tim.o
 .text.TIM_GetCapture2
                0x00000000       0x18 ..\obj\stm32f30x_tim.o
 .text.TIM_GetCapture3
                0x00000000       0x18 ..\obj\stm32f30x_tim.o
 .text.TIM_GetCapture4
                0x00000000       0x18 ..\obj\stm32f30x_tim.o
 .text.TIM_SetIC1Prescaler
                0x00000000       0x30 ..\obj\stm32f30x_tim.o
 .text.TIM_SetIC2Prescaler
                0x00000000       0x30 ..\obj\stm32f30x_tim.o
 .text.TIM_SetIC3Prescaler
                0x00000000       0x30 ..\obj\stm32f30x_tim.o
 .text.TIM_SetIC4Prescaler
                0x00000000       0x34 ..\obj\stm32f30x_tim.o
 .text.TIM_BDTRConfig
                0x00000000       0x50 ..\obj\stm32f30x_tim.o
 .text.TIM_Break1Config
                0x00000000       0x38 ..\obj\stm32f30x_tim.o
 .text.TIM_Break2Config
                0x00000000       0x38 ..\obj\stm32f30x_tim.o
 .text.TIM_Break1Cmd
                0x00000000       0x38 ..\obj\stm32f30x_tim.o
 .text.TIM_Break2Cmd
                0x00000000       0x38 ..\obj\stm32f30x_tim.o
 .text.TIM_BDTRStructInit
                0x00000000       0x3c ..\obj\stm32f30x_tim.o
 .text.TIM_CtrlPWMOutputs
                0x00000000       0x38 ..\obj\stm32f30x_tim.o
 .text.TIM_SelectCOM
                0x00000000       0x38 ..\obj\stm32f30x_tim.o
 .text.TIM_CCPreloadControl
                0x00000000       0x38 ..\obj\stm32f30x_tim.o
 .text.TIM_ITConfig
                0x00000000       0x40 ..\obj\stm32f30x_tim.o
 .text.TIM_GenerateEvent
                0x00000000       0x1c ..\obj\stm32f30x_tim.o
 .text.TIM_GetFlagStatus
                0x00000000       0x34 ..\obj\stm32f30x_tim.o
 .text.TIM_ClearFlag
                0x00000000       0x24 ..\obj\stm32f30x_tim.o
 .text.TIM_GetITStatus
                0x00000000       0x54 ..\obj\stm32f30x_tim.o
 .text.TIM_ClearITPendingBit
                0x00000000       0x24 ..\obj\stm32f30x_tim.o
 .text.TIM_DMAConfig
                0x00000000       0x28 ..\obj\stm32f30x_tim.o
 .text.TIM_DMACmd
                0x00000000       0x40 ..\obj\stm32f30x_tim.o
 .text.TIM_SelectCCDMA
                0x00000000       0x38 ..\obj\stm32f30x_tim.o
 .text.TIM_InternalClockConfig
                0x00000000       0x20 ..\obj\stm32f30x_tim.o
 .text.TIM_ITRxExternalClockConfig
                0x00000000       0x28 ..\obj\stm32f30x_tim.o
 .text.TIM_TIxExternalClockConfig
                0x00000000       0x5c ..\obj\stm32f30x_tim.o
 .text.TIM_ETRClockMode1Config
                0x00000000       0x5c ..\obj\stm32f30x_tim.o
 .text.TIM_ETRClockMode2Config
                0x00000000       0x38 ..\obj\stm32f30x_tim.o
 .text.TIM_SelectInputTrigger
                0x00000000       0x38 ..\obj\stm32f30x_tim.o
 .text.TIM_SelectOutputTrigger
                0x00000000       0x30 ..\obj\stm32f30x_tim.o
 .text.TIM_SelectOutputTrigger2
                0x00000000       0x2c ..\obj\stm32f30x_tim.o
 .text.TIM_SelectSlaveMode
                0x00000000       0x30 ..\obj\stm32f30x_tim.o
 .text.TIM_SelectMasterSlaveMode
                0x00000000       0x30 ..\obj\stm32f30x_tim.o
 .text.TIM_ETRConfig
                0x00000000       0x54 ..\obj\stm32f30x_tim.o
 .text.TIM_EncoderInterfaceConfig
                0x00000000       0x98 ..\obj\stm32f30x_tim.o
 .text.TIM_SelectHallSensor
                0x00000000       0x38 ..\obj\stm32f30x_tim.o
 .text.TIM_RemapConfig
                0x00000000       0x20 ..\obj\stm32f30x_tim.o
 .text.TI1_Config
                0x00000000       0x80 ..\obj\stm32f30x_tim.o
 .text.TI2_Config
                0x00000000       0x98 ..\obj\stm32f30x_tim.o
 .text.TI3_Config
                0x00000000       0x8c ..\obj\stm32f30x_tim.o
 .text.TI4_Config
                0x00000000       0x9c ..\obj\stm32f30x_tim.o
 .text          0x00000000       0x14 ..\obj\startup_stm32f30x.o
 .data          0x00000000        0x0 ..\obj\startup_stm32f30x.o
 .bss           0x00000000        0x0 ..\obj\startup_stm32f30x.o
 .text          0x00000000        0x0 ..\obj\stm32f30x_usart.o
 .data          0x00000000        0x0 ..\obj\stm32f30x_usart.o
 .bss           0x00000000        0x0 ..\obj\stm32f30x_usart.o
 .text.USART_DeInit
                0x00000000       0xb8 ..\obj\stm32f30x_usart.o
 .text.USART_StructInit
                0x00000000       0x38 ..\obj\stm32f30x_usart.o
 .text.USART_ClockInit
                0x00000000       0x48 ..\obj\stm32f30x_usart.o
 .text.USART_ClockStructInit
                0x00000000       0x2c ..\obj\stm32f30x_usart.o
 .text.USART_DirectionModeCmd
                0x00000000       0x3c ..\obj\stm32f30x_usart.o
 .text.USART_OverSampling8Cmd
                0x00000000       0x38 ..\obj\stm32f30x_usart.o
 .text.USART_OneBitMethodCmd
                0x00000000       0x38 ..\obj\stm32f30x_usart.o
 .text.USART_MSBFirstCmd
                0x00000000       0x38 ..\obj\stm32f30x_usart.o
 .text.USART_DataInvCmd
                0x00000000       0x38 ..\obj\stm32f30x_usart.o
 .text.USART_InvPinCmd
                0x00000000       0x3c ..\obj\stm32f30x_usart.o
 .text.USART_SWAPPinCmd
                0x00000000       0x38 ..\obj\stm32f30x_usart.o
 .text.USART_ReceiverTimeOutCmd
                0x00000000       0x38 ..\obj\stm32f30x_usart.o
 .text.USART_SetReceiverTimeOut
                0x00000000       0x2c ..\obj\stm32f30x_usart.o
 .text.USART_SetPrescaler
                0x00000000       0x38 ..\obj\stm32f30x_usart.o
 .text.USART_STOPModeCmd
                0x00000000       0x38 ..\obj\stm32f30x_usart.o
 .text.USART_StopModeWakeUpSourceConfig
                0x00000000       0x2c ..\obj\stm32f30x_usart.o
 .text.USART_AutoBaudRateCmd
                0x00000000       0x38 ..\obj\stm32f30x_usart.o
 .text.USART_AutoBaudRateConfig
                0x00000000       0x2c ..\obj\stm32f30x_usart.o
 .text.USART_SendData
                0x00000000       0x24 ..\obj\stm32f30x_usart.o
 .text.USART_ReceiveData
                0x00000000       0x20 ..\obj\stm32f30x_usart.o
 .text.USART_SetAddress
                0x00000000       0x30 ..\obj\stm32f30x_usart.o
 .text.USART_MuteModeCmd
                0x00000000       0x38 ..\obj\stm32f30x_usart.o
 .text.USART_MuteModeWakeUpConfig
                0x00000000       0x2c ..\obj\stm32f30x_usart.o
 .text.USART_AddressDetectionConfig
                0x00000000       0x2c ..\obj\stm32f30x_usart.o
 .text.USART_LINBreakDetectLengthConfig
                0x00000000       0x2c ..\obj\stm32f30x_usart.o
 .text.USART_LINCmd
                0x00000000       0x38 ..\obj\stm32f30x_usart.o
 .text.USART_HalfDuplexCmd
                0x00000000       0x38 ..\obj\stm32f30x_usart.o
 .text.USART_SetGuardTime
                0x00000000       0x3c ..\obj\stm32f30x_usart.o
 .text.USART_SmartCardCmd
                0x00000000       0x38 ..\obj\stm32f30x_usart.o
 .text.USART_SmartCardNACKCmd
                0x00000000       0x38 ..\obj\stm32f30x_usart.o
 .text.USART_SetAutoRetryCount
                0x00000000       0x30 ..\obj\stm32f30x_usart.o
 .text.USART_SetBlockLength
                0x00000000       0x30 ..\obj\stm32f30x_usart.o
 .text.USART_IrDAConfig
                0x00000000       0x2c ..\obj\stm32f30x_usart.o
 .text.USART_IrDACmd
                0x00000000       0x38 ..\obj\stm32f30x_usart.o
 .text.USART_DECmd
                0x00000000       0x38 ..\obj\stm32f30x_usart.o
 .text.USART_DEPolarityConfig
                0x00000000       0x2c ..\obj\stm32f30x_usart.o
 .text.USART_SetDEAssertionTime
                0x00000000       0x30 ..\obj\stm32f30x_usart.o
 .text.USART_SetDEDeassertionTime
                0x00000000       0x30 ..\obj\stm32f30x_usart.o
 .text.USART_DMACmd
                0x00000000       0x3c ..\obj\stm32f30x_usart.o
 .text.USART_DMAReceptionErrorConfig
                0x00000000       0x2c ..\obj\stm32f30x_usart.o
 .text.USART_ITConfig
                0x00000000       0x84 ..\obj\stm32f30x_usart.o
 .text.USART_RequestCmd
                0x00000000       0x48 ..\obj\stm32f30x_usart.o
 .text.USART_OverrunDetectionConfig
                0x00000000       0x2c ..\obj\stm32f30x_usart.o
 .text.USART_GetFlagStatus
                0x00000000       0x34 ..\obj\stm32f30x_usart.o
 .text.USART_ClearFlag
                0x00000000       0x1c ..\obj\stm32f30x_usart.o
 .text.USART_GetITStatus
                0x00000000       0xa0 ..\obj\stm32f30x_usart.o
 .text.USART_ClearITPendingBit
                0x00000000       0x34 ..\obj\stm32f30x_usart.o
 .data          0x00000000        0x0 c:/program files (x86)/gnu tools arm embedded/4.9 2014q4/bin/../lib/gcc/arm-none-eabi/4.9.3/armv7e-m\libgcc.a(_arm_addsubsf3.o)
 .bss           0x00000000        0x0 c:/program files (x86)/gnu tools arm embedded/4.9 2014q4/bin/../lib/gcc/arm-none-eabi/4.9.3/armv7e-m\libgcc.a(_arm_addsubsf3.o)

Memory Configuration

Name             Origin             Length             Attributes
rom              0x08000000         0x00040000         xr
ram              0x20000000         0x0000a000         xrw
ram1             0x10000000         0x00002000         xrw
*default*        0x00000000         0xffffffff

Linker script and memory map

                0x2000a000                _eram = 0x2000a000

.text           0x08000000     0x1bbc
 *(.isr_vector)
 .isr_vector    0x08000000      0x188 ..\obj\startup_stm32f30x.o
                0x08000000                g_pfnVectors
 *(.text*)
 .text.RCC_GetClocksFreq
                0x08000188      0x414 ..\obj\stm32f30x_rcc.o
                0x08000188                RCC_GetClocksFreq
 .text.RCC_AHBPeriphClockCmd
                0x0800059c       0x3c ..\obj\stm32f30x_rcc.o
                0x0800059c                RCC_AHBPeriphClockCmd
 .text.RCC_APB2PeriphClockCmd
                0x080005d8       0x3c ..\obj\stm32f30x_rcc.o
                0x080005d8                RCC_APB2PeriphClockCmd
 .text.RCC_APB1PeriphClockCmd
                0x08000614       0x3c ..\obj\stm32f30x_rcc.o
                0x08000614                RCC_APB1PeriphClockCmd
 .text.GPIO_Init
                0x08000650      0x128 ..\obj\stm32f30x_gpio.o
                0x08000650                GPIO_Init
 .text.GPIO_PinAFConfig
                0x08000778       0x90 ..\obj\stm32f30x_gpio.o
                0x08000778                GPIO_PinAFConfig
 .text.gpio_init
                0x08000808      0x10c ..\obj\main.o
                0x08000808                gpio_init
 .text.uart_init
                0x08000914       0x48 ..\obj\main.o
                0x08000914                uart_init
 .text.tim_init
                0x0800095c       0xbc ..\obj\main.o
                0x0800095c                tim_init
 .text.i2c_init
                0x08000a18       0x4c ..\obj\main.o
                0x08000a18                i2c_init
 .text.main     0x08000a64       0x30 ..\obj\main.o
                0x08000a64                main
 .text.I2C_Init
                0x08000a94       0xc8 ..\obj\stm32f30x_i2c.o
                0x08000a94                I2C_Init
 .text.I2C_Cmd  0x08000b5c       0x38 ..\obj\stm32f30x_i2c.o
                0x08000b5c                I2C_Cmd
 .text.I2C_TransferHandling
                0x08000b94       0x58 ..\obj\stm32f30x_i2c.o
                0x08000b94                I2C_TransferHandling
 .text.I2C_SendData
                0x08000bec       0x1c ..\obj\stm32f30x_i2c.o
                0x08000bec                I2C_SendData
 .text.I2C_ReceiveData
                0x08000c08       0x1c ..\obj\stm32f30x_i2c.o
                0x08000c08                I2C_ReceiveData
 .text.I2C_GetFlagStatus
                0x08000c24       0x40 ..\obj\stm32f30x_i2c.o
                0x08000c24                I2C_GetFlagStatus
 .text.I2C_ClearFlag
                0x08000c64       0x1c ..\obj\stm32f30x_i2c.o
                0x08000c64                I2C_ClearFlag
 .text.MPU6050_Initialization
                0x08000c80       0x4c ..\obj\mpu6050.o
                0x08000c80                MPU6050_Initialization
 .text.MPU6050_Read
                0x08000ccc      0x16c ..\obj\mpu6050.o
                0x08000ccc                MPU6050_Read
 .text.MPU6050_Write
                0x08000e38      0x144 ..\obj\mpu6050.o
                0x08000e38                MPU6050_Write
 .text.MPU6050_Gyro_Set_Range
                0x08000f7c       0x30 ..\obj\mpu6050.o
                0x08000f7c                MPU6050_Gyro_Set_Range
 .text.MPU6050_Accel_Set_Range
                0x08000fac       0x30 ..\obj\mpu6050.o
                0x08000fac                MPU6050_Accel_Set_Range
 .text.MPU6050_Set_Clock
                0x08000fdc       0x30 ..\obj\mpu6050.o
                0x08000fdc                MPU6050_Set_Clock
 .text.MPU6050_Get_Gyro_Data
                0x0800100c       0x54 ..\obj\mpu6050.o
                0x0800100c                MPU6050_Get_Gyro_Data
 .text.SystemInit1
                0x08001060       0x80 ..\obj\system_stm32f30x_temp.o
                0x08001060                SystemInit
                0x08001060                SystemInit1
 .text.SetSysClock1
                0x080010e0       0xe0 ..\obj\system_stm32f30x_temp.o
                0x080010e0                SetSysClock
 .text.TIM_TimeBaseInit
                0x080011c0       0xec ..\obj\stm32f30x_tim.o
                0x080011c0                TIM_TimeBaseInit
 .text.TIM_Cmd  0x080012ac       0x40 ..\obj\stm32f30x_tim.o
                0x080012ac                TIM_Cmd
 .text.TIM_OC1Init
                0x080012ec      0x124 ..\obj\stm32f30x_tim.o
                0x080012ec                TIM_OC1Init
 .text.TIM_OC2Init
                0x08001410      0x100 ..\obj\stm32f30x_tim.o
                0x08001410                TIM_OC2Init
 .text.TIM_OC3Init
                0x08001510       0xfc ..\obj\stm32f30x_tim.o
                0x08001510                TIM_OC3Init
 .text.TIM_OC4Init
                0x0800160c       0xc0 ..\obj\stm32f30x_tim.o
                0x0800160c                TIM_OC4Init
 .text.TIM_OC1PreloadConfig
                0x080016cc       0x38 ..\obj\stm32f30x_tim.o
                0x080016cc                TIM_OC1PreloadConfig
 .text.TIM_OC2PreloadConfig
                0x08001704       0x38 ..\obj\stm32f30x_tim.o
                0x08001704                TIM_OC2PreloadConfig
 .text.TIM_OC3PreloadConfig
                0x0800173c       0x38 ..\obj\stm32f30x_tim.o
                0x0800173c                TIM_OC3PreloadConfig
 .text.TIM_OC4PreloadConfig
                0x08001774       0x38 ..\obj\stm32f30x_tim.o
                0x08001774                TIM_OC4PreloadConfig
 .text.Reset_Handler
                0x080017ac       0x44 ..\obj\startup_stm32f30x.o
                0x080017ac                Reset_Handler
 .text.Default_Handler
                0x080017f0        0x2 ..\obj\startup_stm32f30x.o
                0x080017f0                RTC_Alarm_IRQHandler
                0x080017f0                TIM8_TRG_COM_IRQHandler
                0x080017f0                TIM8_CC_IRQHandler
                0x080017f0                DebugMon_Handler
                0x080017f0                TIM1_CC_IRQHandler
                0x080017f0                HardFault_Handler
                0x080017f0                USB_HP_IRQHandler
                0x080017f0                SysTick_Handler
                0x080017f0                PVD_IRQHandler
                0x080017f0                PendSV_Handler
                0x080017f0                NMI_Handler
                0x080017f0                EXTI3_IRQHandler
                0x080017f0                EXTI0_IRQHandler
                0x080017f0                I2C2_EV_IRQHandler
                0x080017f0                FPU_IRQHandler
                0x080017f0                EXTI2_TS_IRQHandler
                0x080017f0                TIM1_UP_TIM16_IRQHandler
                0x080017f0                UsageFault_Handler
                0x080017f0                ADC1_2_IRQHandler
                0x080017f0                SPI1_IRQHandler
                0x080017f0                TIM6_DAC_IRQHandler
                0x080017f0                TIM8_UP_IRQHandler
                0x080017f0                DMA2_Channel2_IRQHandler
                0x080017f0                DMA1_Channel4_IRQHandler
                0x080017f0                USART3_IRQHandler
                0x080017f0                DMA1_Channel7_IRQHandler
                0x080017f0                CAN1_RX1_IRQHandler
                0x080017f0                UART5_IRQHandler
                0x080017f0                ADC3_IRQHandler
                0x080017f0                TIM4_IRQHandler
                0x080017f0                DMA2_Channel1_IRQHandler
                0x080017f0                I2C1_EV_IRQHandler
                0x080017f0                DMA1_Channel6_IRQHandler
                0x080017f0                UART4_IRQHandler
                0x080017f0                DMA2_Channel4_IRQHandler
                0x080017f0                TIM3_IRQHandler
                0x080017f0                RCC_IRQHandler
                0x080017f0                DMA1_Channel1_IRQHandler
                0x080017f0                Default_Handler
                0x080017f0                USBWakeUp_RMP_IRQHandler
                0x080017f0                EXTI15_10_IRQHandler
                0x080017f0                TIM7_IRQHandler
                0x080017f0                EXTI9_5_IRQHandler
                0x080017f0                TAMPER_STAMP_IRQHandler
                0x080017f0                RTC_WKUP_IRQHandler
                0x080017f0                SPI2_IRQHandler
                0x080017f0                MemManage_Handler
                0x080017f0                SVC_Handler
                0x080017f0                DMA2_Channel5_IRQHandler
                0x080017f0                DMA1_Channel5_IRQHandler
                0x080017f0                USB_LP_IRQHandler
                0x080017f0                EXTI4_IRQHandler
                0x080017f0                USB_LP_CAN1_RX0_IRQHandler
                0x080017f0                TIM1_TRG_COM_TIM17_IRQHandler
                0x080017f0                USB_HP_CAN1_TX_IRQHandler
                0x080017f0                DMA1_Channel3_IRQHandler
                0x080017f0                ADC4_IRQHandler
                0x080017f0                WWDG_IRQHandler
                0x080017f0                TIM2_IRQHandler
                0x080017f0                COMP7_IRQHandler
                0x080017f0                COMP1_2_3_IRQHandler
                0x080017f0                EXTI1_IRQHandler
                0x080017f0                USART2_IRQHandler
                0x080017f0                COMP4_5_6_IRQHandler
                0x080017f0                I2C2_ER_IRQHandler
                0x080017f0                DMA1_Channel2_IRQHandler
                0x080017f0                TIM8_BRK_IRQHandler
                0x080017f0                CAN1_SCE_IRQHandler
                0x080017f0                FLASH_IRQHandler
                0x080017f0                BusFault_Handler
                0x080017f0                USART1_IRQHandler
                0x080017f0                SPI3_IRQHandler
                0x080017f0                I2C1_ER_IRQHandler
                0x080017f0                USBWakeUp_IRQHandler
                0x080017f0                DMA2_Channel3_IRQHandler
                0x080017f0                TIM1_BRK_TIM15_IRQHandler
 *fill*         0x080017f2        0x2 
 .text.USART_Init
                0x080017f4      0x174 ..\obj\stm32f30x_usart.o
                0x080017f4                USART_Init
 .text.USART_Cmd
                0x08001968       0x38 ..\obj\stm32f30x_usart.o
                0x08001968                USART_Cmd
 .text          0x080019a0      0x21c c:/program files (x86)/gnu tools arm embedded/4.9 2014q4/bin/../lib/gcc/arm-none-eabi/4.9.3/armv7e-m\libgcc.a(_arm_addsubsf3.o)
                0x080019a0                __aeabi_frsub
                0x080019a8                __subsf3
                0x080019a8                __aeabi_fsub
                0x080019ac                __aeabi_fadd
                0x080019ac                __addsf3
                0x08001b0c                __aeabi_ui2f
                0x08001b0c                __floatunsisf
                0x08001b14                __aeabi_i2f
                0x08001b14                __floatsisf
                0x08001b30                __aeabi_ul2f
                0x08001b30                __floatundisf
                0x08001b40                __aeabi_l2f
                0x08001b40                __floatdisf
 *(.init)
 *(.fini)
 *crtbegin.o(.ctors)
 *crtbegin?.o(.ctors)
 *(EXCLUDE_FILE(*crtend.o *crtend?.o) .ctors)
 *(SORT(.ctors.*))
 *(.ctors)
 *crtbegin.o(.dtors)
 *crtbegin?.o(.dtors)
 *(EXCLUDE_FILE(*crtend.o *crtend?.o) .dtors)
 *(SORT(.dtors.*))
 *(.dtors)
 *(.rodata*)
 *(.eh_fram e*)

.glue_7         0x08001bbc        0x0
 .glue_7        0x00000000        0x0 linker stubs

.glue_7t        0x08001bbc        0x0
 .glue_7t       0x00000000        0x0 linker stubs

.vfp11_veneer   0x08001bbc        0x0
 .vfp11_veneer  0x00000000        0x0 linker stubs

.v4_bx          0x08001bbc        0x0
 .v4_bx         0x00000000        0x0 linker stubs

.iplt           0x08001bbc        0x0
 .iplt          0x00000000        0x0 ..\obj\stm32f30x_rcc.o

.rel.dyn        0x08001bbc        0x0
 .rel.iplt      0x00000000        0x0 ..\obj\stm32f30x_rcc.o

.ARM.extab
 *(.ARM.extab* .gnu.linkonce.armextab.*)
                0x08001bbc                __exidx_start = .

.ARM.exidx
 *(.ARM.exidx* .gnu.linkonce.armexidx.*)
                0x08001bbc                __exidx_end = .
                0x08001bbc                __etext = .
                0x08001bbc                _sidata = __etext

.data           0x20000000       0x30 load address 0x08001bbc
                0x20000000                __data_start__ = .
                0x20000000                _sdata = __data_start__
 *(vtable)
 *(.data*)
 .data          0x20000000       0x2c ..\obj\stm32f30x_rcc.o
 .data          0x2000002c        0x4 ..\obj\mpu6050.o
                0x2000002c                MPU6050_Timeout
                0x20000030                . = ALIGN (0x4)
                0x20000030                PROVIDE (__preinit_array_start, .)
 *(.preinit_array)
                0x20000030                PROVIDE (__preinit_array_end, .)
                0x20000030                . = ALIGN (0x4)
                0x20000030                PROVIDE (__init_array_start, .)
 *(SORT(.init_array.*))
 *(.init_array)
                0x20000030                PROVIDE (__init_array_end, .)
                0x20000030                . = ALIGN (0x4)
                0x20000030                PROVIDE (__fini_array_start, .)
 *(SORT(.fini_array.*))
 *(.fini_array)
                0x20000030                PROVIDE (__fini_array_end, .)
 *(.jcr*)
                0x20000030                . = ALIGN (0x4)
                0x20000030                __data_end__ = .
                0x20000030                _edata = __data_end__

.igot.plt       0x20000030        0x0 load address 0x08001bec
 .igot.plt      0x00000000        0x0 ..\obj\stm32f30x_rcc.o

.bss            0x20000030        0x0
                0x20000030                . = ALIGN (0x4)
                0x20000030                __bss_start__ = .
                0x20000030                _sbss = __bss_start__
 *(.bss*)
 *(COMMON)
                0x20000030                . = ALIGN (0x4)
                0x20000030                __bss_end__ = .
                0x20000030                _ebss = __bss_end__

.heap           0x20000030        0x0
                0x20000030                __end__ = .
                0x20000030                _end = __end__
                0x20000030                end = __end__
 *(.heap*)
                0x20000030                __HeapLimit = .

.co_stack       0x20000030        0x0
                0x20000030                . = ALIGN (0x8)
 *(.co_stack .co_stack.*)
                0x2000a000                __StackTop = (ORIGIN (ram) + 0xa000)
                0x2000a000                __StackLimit = (__StackTop - SIZEOF (.co_stack))
                0x2000a000                PROVIDE (__stack, __StackTop)
                0x00000001                ASSERT ((__StackLimit >= __HeapLimit), region ram  overflowed with stack)
LOAD ..\obj\stm32f30x_rcc.o
LOAD ..\obj\stm32f30x_gpio.o
LOAD ..\obj\main.o
LOAD ..\obj\stm32f30x_spi.o
LOAD ..\obj\stm32f30x_i2c.o
LOAD ..\obj\mpu6050.o
LOAD ..\obj\system_stm32f30x_temp.o
LOAD ..\obj\syscalls.o
LOAD ..\obj\stm32f30x_misc.o
LOAD ..\obj\stm32f30x_tim.o
LOAD ..\obj\startup_stm32f30x.o
LOAD ..\obj\stm32f30x_usart.o
START GROUP
LOAD c:/program files (x86)/gnu tools arm embedded/4.9 2014q4/bin/../lib/gcc/arm-none-eabi/4.9.3/armv7e-m\libgcc.a
LOAD c:/program files (x86)/gnu tools arm embedded/4.9 2014q4/bin/../lib/gcc/arm-none-eabi/4.9.3/../../../../arm-none-eabi/lib/armv7e-m\libg.a
LOAD c:/program files (x86)/gnu tools arm embedded/4.9 2014q4/bin/../lib/gcc/arm-none-eabi/4.9.3/../../../../arm-none-eabi/lib/armv7e-m\libc.a
END GROUP
OUTPUT(mpu6050.elf elf32-littlearm)

.debug_info     0x00000000     0x5fc7
 .debug_info    0x00000000      0xaac ..\obj\stm32f30x_rcc.o
 .debug_info    0x00000aac      0x5fa ..\obj\stm32f30x_gpio.o
 .debug_info    0x000010a6      0x87e ..\obj\main.o
 .debug_info    0x00001924      0xbde ..\obj\stm32f30x_i2c.o
 .debug_info    0x00002502      0x54c ..\obj\mpu6050.o
 .debug_info    0x00002a4e      0x498 ..\obj\system_stm32f30x_temp.o
 .debug_info    0x00002ee6     0x2184 ..\obj\stm32f30x_tim.o
 .debug_info    0x0000506a       0xa1 ..\obj\startup_stm32f30x.o
 .debug_info    0x0000510b      0xebc ..\obj\stm32f30x_usart.o

.debug_abbrev   0x00000000      0xbad
 .debug_abbrev  0x00000000      0x1e3 ..\obj\stm32f30x_rcc.o
 .debug_abbrev  0x000001e3      0x194 ..\obj\stm32f30x_gpio.o
 .debug_abbrev  0x00000377      0x139 ..\obj\main.o
 .debug_abbrev  0x000004b0      0x17e ..\obj\stm32f30x_i2c.o
 .debug_abbrev  0x0000062e      0x14c ..\obj\mpu6050.o
 .debug_abbrev  0x0000077a      0x145 ..\obj\system_stm32f30x_temp.o
 .debug_abbrev  0x000008bf      0x187 ..\obj\stm32f30x_tim.o
 .debug_abbrev  0x00000a46       0x12 ..\obj\startup_stm32f30x.o
 .debug_abbrev  0x00000a58      0x155 ..\obj\stm32f30x_usart.o

.debug_aranges  0x00000000      0x988
 .debug_aranges
                0x00000000      0x150 ..\obj\stm32f30x_rcc.o
 .debug_aranges
                0x00000150       0x80 ..\obj\stm32f30x_gpio.o
 .debug_aranges
                0x000001d0       0x40 ..\obj\main.o
 .debug_aranges
                0x00000210      0x168 ..\obj\stm32f30x_i2c.o
 .debug_aranges
                0x00000378       0x70 ..\obj\mpu6050.o
 .debug_aranges
                0x000003e8       0x30 ..\obj\system_stm32f30x_temp.o
 .debug_aranges
                0x00000418      0x3a8 ..\obj\stm32f30x_tim.o
 .debug_aranges
                0x000007c0       0x28 ..\obj\startup_stm32f30x.o
 .debug_aranges
                0x000007e8      0x1a0 ..\obj\stm32f30x_usart.o

.debug_ranges   0x00000000      0x900
 .debug_ranges  0x00000000      0x140 ..\obj\stm32f30x_rcc.o
 .debug_ranges  0x00000140       0x70 ..\obj\stm32f30x_gpio.o
 .debug_ranges  0x000001b0       0x30 ..\obj\main.o
 .debug_ranges  0x000001e0      0x158 ..\obj\stm32f30x_i2c.o
 .debug_ranges  0x00000338       0x60 ..\obj\mpu6050.o
 .debug_ranges  0x00000398       0x20 ..\obj\system_stm32f30x_temp.o
 .debug_ranges  0x000003b8      0x398 ..\obj\stm32f30x_tim.o
 .debug_ranges  0x00000750       0x20 ..\obj\startup_stm32f30x.o
 .debug_ranges  0x00000770      0x190 ..\obj\stm32f30x_usart.o

.debug_line     0x00000000     0x2955
 .debug_line    0x00000000      0x58d ..\obj\stm32f30x_rcc.o
 .debug_line    0x0000058d      0x31f ..\obj\stm32f30x_gpio.o
 .debug_line    0x000008ac      0x2d3 ..\obj\main.o
 .debug_line    0x00000b7f      0x565 ..\obj\stm32f30x_i2c.o
 .debug_line    0x000010e4      0x36e ..\obj\mpu6050.o
 .debug_line    0x00001452      0x1f6 ..\obj\system_stm32f30x_temp.o
 .debug_line    0x00001648      0xc57 ..\obj\stm32f30x_tim.o
 .debug_line    0x0000229f       0xa4 ..\obj\startup_stm32f30x.o
 .debug_line    0x00002343      0x612 ..\obj\stm32f30x_usart.o

.debug_str      0x00000000     0x28ca
 .debug_str     0x00000000      0x761 ..\obj\stm32f30x_rcc.o
                                0x7f8 (size before relaxing)
 .debug_str     0x00000761      0x328 ..\obj\stm32f30x_gpio.o
                                0x4a3 (size before relaxing)
 .debug_str     0x00000a89      0x415 ..\obj\main.o
                                0x726 (size before relaxing)
 .debug_str     0x00000e9e      0x3da ..\obj\stm32f30x_i2c.o
                                0x651 (size before relaxing)
 .debug_str     0x00001278      0x304 ..\obj\mpu6050.o
                                0x51a (size before relaxing)
 .debug_str     0x0000157c       0xfd ..\obj\system_stm32f30x_temp.o
                                0x30e (size before relaxing)
 .debug_str     0x00001679      0xbed ..\obj\stm32f30x_tim.o
                                0xf7b (size before relaxing)
 .debug_str     0x00002266      0x664 ..\obj\stm32f30x_usart.o
                                0xa03 (size before relaxing)

.comment        0x00000000       0x70
 .comment       0x00000000       0x70 ..\obj\stm32f30x_rcc.o
                                 0x71 (size before relaxing)
 .comment       0x00000000       0x71 ..\obj\stm32f30x_gpio.o
 .comment       0x00000000       0x71 ..\obj\main.o
 .comment       0x00000000       0x71 ..\obj\stm32f30x_i2c.o
 .comment       0x00000000       0x71 ..\obj\mpu6050.o
 .comment       0x00000000       0x71 ..\obj\system_stm32f30x_temp.o
 .comment       0x00000000       0x71 ..\obj\stm32f30x_tim.o
 .comment       0x00000000       0x71 ..\obj\stm32f30x_usart.o

.ARM.attributes
                0x00000000       0x31
 .ARM.attributes
                0x00000000       0x33 ..\obj\stm32f30x_rcc.o
 .ARM.attributes
                0x00000033       0x33 ..\obj\stm32f30x_gpio.o
 .ARM.attributes
                0x00000066       0x33 ..\obj\main.o
 .ARM.attributes
                0x00000099       0x33 ..\obj\stm32f30x_i2c.o
 .ARM.attributes
                0x000000cc       0x33 ..\obj\mpu6050.o
 .ARM.attributes
                0x000000ff       0x33 ..\obj\system_stm32f30x_temp.o
 .ARM.attributes
                0x00000132       0x33 ..\obj\stm32f30x_tim.o
 .ARM.attributes
                0x00000165       0x21 ..\obj\startup_stm32f30x.o
 .ARM.attributes
                0x00000186       0x33 ..\obj\stm32f30x_usart.o
 .ARM.attributes
                0x000001b9       0x1e c:/program files (x86)/gnu tools arm embedded/4.9 2014q4/bin/../lib/gcc/arm-none-eabi/4.9.3/armv7e-m\libgcc.a(_arm_addsubsf3.o)

.debug_frame    0x00000000     0x2b10
 .debug_frame   0x00000000      0x60c ..\obj\stm32f30x_rcc.o
 .debug_frame   0x0000060c      0x214 ..\obj\stm32f30x_gpio.o
 .debug_frame   0x00000820       0xc0 ..\obj\main.o
 .debug_frame   0x000008e0      0x69c ..\obj\stm32f30x_i2c.o
 .debug_frame   0x00000f7c      0x1a4 ..\obj\mpu6050.o
 .debug_frame   0x00001120       0x7c ..\obj\system_stm32f30x_temp.o
 .debug_frame   0x0000119c     0x11c4 ..\obj\stm32f30x_tim.o
 .debug_frame   0x00002360      0x7b0 ..\obj\stm32f30x_usart.o
