Archive member included because of file (symbol)

c:/program files (x86)/gnu tools arm embedded/4.9 2014q4/bin/../lib/gcc/arm-none-eabi/4.9.3/../../../../arm-none-eabi/lib/armv7e-m\libg.a(lib_a-printf.o)
                              ..\obj\main.o (printf)
c:/program files (x86)/gnu tools arm embedded/4.9 2014q4/bin/../lib/gcc/arm-none-eabi/4.9.3/../../../../arm-none-eabi/lib/armv7e-m\libg.a(lib_a-vfprintf.o)
                              c:/program files (x86)/gnu tools arm embedded/4.9 2014q4/bin/../lib/gcc/arm-none-eabi/4.9.3/../../../../arm-none-eabi/lib/armv7e-m\libg.a(lib_a-printf.o) (_vfprintf_r)
c:/program files (x86)/gnu tools arm embedded/4.9 2014q4/bin/../lib/gcc/arm-none-eabi/4.9.3/../../../../arm-none-eabi/lib/armv7e-m\libg.a(lib_a-wsetup.o)
                              c:/program files (x86)/gnu tools arm embedded/4.9 2014q4/bin/../lib/gcc/arm-none-eabi/4.9.3/../../../../arm-none-eabi/lib/armv7e-m\libg.a(lib_a-vfprintf.o) (__swsetup_r)
c:/program files (x86)/gnu tools arm embedded/4.9 2014q4/bin/../lib/gcc/arm-none-eabi/4.9.3/../../../../arm-none-eabi/lib/armv7e-m\libg.a(lib_a-dtoa.o)
                              c:/program files (x86)/gnu tools arm embedded/4.9 2014q4/bin/../lib/gcc/arm-none-eabi/4.9.3/../../../../arm-none-eabi/lib/armv7e-m\libg.a(lib_a-vfprintf.o) (_dtoa_r)
c:/program files (x86)/gnu tools arm embedded/4.9 2014q4/bin/../lib/gcc/arm-none-eabi/4.9.3/../../../../arm-none-eabi/lib/armv7e-m\libg.a(lib_a-fflush.o)
                              c:/program files (x86)/gnu tools arm embedded/4.9 2014q4/bin/../lib/gcc/arm-none-eabi/4.9.3/../../../../arm-none-eabi/lib/armv7e-m\libg.a(lib_a-vfprintf.o) (_fflush_r)
c:/program files (x86)/gnu tools arm embedded/4.9 2014q4/bin/../lib/gcc/arm-none-eabi/4.9.3/../../../../arm-none-eabi/lib/armv7e-m\libg.a(lib_a-findfp.o)
                              c:/program files (x86)/gnu tools arm embedded/4.9 2014q4/bin/../lib/gcc/arm-none-eabi/4.9.3/../../../../arm-none-eabi/lib/armv7e-m\libg.a(lib_a-vfprintf.o) (__sinit)
c:/program files (x86)/gnu tools arm embedded/4.9 2014q4/bin/../lib/gcc/arm-none-eabi/4.9.3/../../../../arm-none-eabi/lib/armv7e-m\libg.a(lib_a-freer.o)
                              c:/program files (x86)/gnu tools arm embedded/4.9 2014q4/bin/../lib/gcc/arm-none-eabi/4.9.3/../../../../arm-none-eabi/lib/armv7e-m\libg.a(lib_a-wsetup.o) (_free_r)
c:/program files (x86)/gnu tools arm embedded/4.9 2014q4/bin/../lib/gcc/arm-none-eabi/4.9.3/../../../../arm-none-eabi/lib/armv7e-m\libg.a(lib_a-fwalk.o)
                              c:/program files (x86)/gnu tools arm embedded/4.9 2014q4/bin/../lib/gcc/arm-none-eabi/4.9.3/../../../../arm-none-eabi/lib/armv7e-m\libg.a(lib_a-findfp.o) (_fwalk)
c:/program files (x86)/gnu tools arm embedded/4.9 2014q4/bin/../lib/gcc/arm-none-eabi/4.9.3/../../../../arm-none-eabi/lib/armv7e-m\libg.a(lib_a-impure.o)
                              c:/program files (x86)/gnu tools arm embedded/4.9 2014q4/bin/../lib/gcc/arm-none-eabi/4.9.3/../../../../arm-none-eabi/lib/armv7e-m\libg.a(lib_a-fflush.o) (_global_impure_ptr)
c:/program files (x86)/gnu tools arm embedded/4.9 2014q4/bin/../lib/gcc/arm-none-eabi/4.9.3/../../../../arm-none-eabi/lib/armv7e-m\libg.a(lib_a-locale.o)
                              c:/program files (x86)/gnu tools arm embedded/4.9 2014q4/bin/../lib/gcc/arm-none-eabi/4.9.3/../../../../arm-none-eabi/lib/armv7e-m\libg.a(lib_a-vfprintf.o) (_localeconv_r)
c:/program files (x86)/gnu tools arm embedded/4.9 2014q4/bin/../lib/gcc/arm-none-eabi/4.9.3/../../../../arm-none-eabi/lib/armv7e-m\libg.a(lib_a-makebuf.o)
                              c:/program files (x86)/gnu tools arm embedded/4.9 2014q4/bin/../lib/gcc/arm-none-eabi/4.9.3/../../../../arm-none-eabi/lib/armv7e-m\libg.a(lib_a-wsetup.o) (__smakebuf_r)
c:/program files (x86)/gnu tools arm embedded/4.9 2014q4/bin/../lib/gcc/arm-none-eabi/4.9.3/../../../../arm-none-eabi/lib/armv7e-m\libg.a(lib_a-mallocr.o)
                              c:/program files (x86)/gnu tools arm embedded/4.9 2014q4/bin/../lib/gcc/arm-none-eabi/4.9.3/../../../../arm-none-eabi/lib/armv7e-m\libg.a(lib_a-findfp.o) (_malloc_r)
c:/program files (x86)/gnu tools arm embedded/4.9 2014q4/bin/../lib/gcc/arm-none-eabi/4.9.3/../../../../arm-none-eabi/lib/armv7e-m\libg.a(lib_a-memchr.o)
                              c:/program files (x86)/gnu tools arm embedded/4.9 2014q4/bin/../lib/gcc/arm-none-eabi/4.9.3/../../../../arm-none-eabi/lib/armv7e-m\libg.a(lib_a-vfprintf.o) (memchr)
c:/program files (x86)/gnu tools arm embedded/4.9 2014q4/bin/../lib/gcc/arm-none-eabi/4.9.3/../../../../arm-none-eabi/lib/armv7e-m\libg.a(lib_a-memcpy.o)
                              c:/program files (x86)/gnu tools arm embedded/4.9 2014q4/bin/../lib/gcc/arm-none-eabi/4.9.3/../../../../arm-none-eabi/lib/armv7e-m\libg.a(lib_a-dtoa.o) (memcpy)
c:/program files (x86)/gnu tools arm embedded/4.9 2014q4/bin/../lib/gcc/arm-none-eabi/4.9.3/../../../../arm-none-eabi/lib/armv7e-m\libg.a(lib_a-memset.o)
[...]
Memory Configuration

Name             Origin             Length             Attributes
rom              0x08000000         0x00040000         xr
ram              0x20000000         0x0000a000         xrw
ram1             0x10000000         0x00002000         xrw
*default*        0x00000000         0xffffffff

Linker script and memory map

                0x2000a000                _eram = 0x2000a000

.text           0x08000000     0x720c
 *(.isr_vector)
 .isr_vector    0x08000000      0x188 ..\obj\startup_stm32f30x.o
                0x08000000                g_pfnVectors
 *(.text*)
 .text.RCC_GetClocksFreq
                0x08000188      0x414 ..\obj\stm32f30x_rcc.o
                0x08000188                RCC_GetClocksFreq
 .text.RCC_AHBPeriphClockCmd
                0x0800059c       0x3c ..\obj\stm32f30x_rcc.o
                0x0800059c                RCC_AHBPeriphClockCmd
 .text.RCC_APB2PeriphClockCmd
                0x080005d8       0x3c ..\obj\stm32f30x_rcc.o
                0x080005d8                RCC_APB2PeriphClockCmd
 .text.RCC_APB1PeriphClockCmd
                0x08000614       0x3c ..\obj\stm32f30x_rcc.o
                0x08000614                RCC_APB1PeriphClockCmd
 .text.GPIO_Init
                0x08000650      0x128 ..\obj\stm32f30x_gpio.o
                0x08000650                GPIO_Init
 .text.GPIO_PinAFConfig
                0x08000778       0x90 ..\obj\stm32f30x_gpio.o
                0x08000778                GPIO_PinAFConfig
 .text.gpio_init
                0x08000808      0x10c ..\obj\main.o
                0x08000808                gpio_init
 .text.uart_init
                0x08000914       0x48 ..\obj\main.o
                0x08000914                uart_init
 .text.tim_init
                0x0800095c       0xbc ..\obj\main.o
                0x0800095c                tim_init
 .text.i2c_init
                0x08000a18       0x4c ..\obj\main.o
                0x08000a18                i2c_init
 .text.main     0x08000a64       0x5c ..\obj\main.o
                0x08000a64                main
 .text.I2C_Init
                0x08000ac0       0xc8 ..\obj\stm32f30x_i2c.o
                0x08000ac0                I2C_Init
 .text.I2C_Cmd  0x08000b88       0x38 ..\obj\stm32f30x_i2c.o
                0x08000b88                I2C_Cmd
 .text.I2C_TransferHandling
                0x08000bc0       0x58 ..\obj\stm32f30x_i2c.o
                0x08000bc0                I2C_TransferHandling
 .text.I2C_SendData
                0x08000c18       0x1c ..\obj\stm32f30x_i2c.o
                0x08000c18                I2C_SendData
 .text.I2C_ReceiveData
                0x08000c34       0x1c ..\obj\stm32f30x_i2c.o
                0x08000c34                I2C_ReceiveData
 .text.I2C_GetFlagStatus
                0x08000c50       0x40 ..\obj\stm32f30x_i2c.o
                0x08000c50                I2C_GetFlagStatus
 .text.I2C_ClearFlag
                0x08000c90       0x1c ..\obj\stm32f30x_i2c.o
                0x08000c90                I2C_ClearFlag
 .text.MPU6050_Initialization
                0x08000cac       0x4c ..\obj\mpu6050.o
                0x08000cac                MPU6050_Initialization
 .text.MPU6050_Read
                0x08000cf8      0x16c ..\obj\mpu6050.o
                0x08000cf8                MPU6050_Read
 .text.MPU6050_Write
                0x08000e64      0x144 ..\obj\mpu6050.o
                0x08000e64                MPU6050_Write
 .text.MPU6050_Gyro_Set_Range
                0x08000fa8       0x30 ..\obj\mpu6050.o
                0x08000fa8                MPU6050_Gyro_Set_Range
 .text.MPU6050_Accel_Set_Range
                0x08000fd8       0x30 ..\obj\mpu6050.o
                0x08000fd8                MPU6050_Accel_Set_Range
 .text.MPU6050_Set_Clock
                0x08001008       0x30 ..\obj\mpu6050.o
                0x08001008                MPU6050_Set_Clock
 .text.MPU6050_Get_Accel_Data
                0x08001038       0xfc ..\obj\mpu6050.o
                0x08001038                MPU6050_Get_Accel_Data
 .text.SystemInit1
                0x08001134       0x80 ..\obj\system_stm32f30x_temp.o
                0x08001134                SystemInit
                0x08001134                SystemInit1
 .text.SetSysClock1
                0x080011b4       0xe0 ..\obj\system_stm32f30x_temp.o
                0x080011b4                SetSysClock
 .text._sbrk    0x08001294       0x40 ..\obj\syscalls.o
                0x08001294                _sbrk
 .text._close   0x080012d4       0x18 ..\obj\syscalls.o
                0x080012d4                _close
 .text._fstat   0x080012ec       0x20 ..\obj\syscalls.o
                0x080012ec                _fstat
 .text._isatty  0x0800130c       0x18 ..\obj\syscalls.o
                0x0800130c                _isatty
 .text._lseek   0x08001324       0x1c ..\obj\syscalls.o
                0x08001324                _lseek
 .text._read    0x08001340       0x1c ..\obj\syscalls.o
                0x08001340                _read
 .text._write   0x0800135c       0x50 ..\obj\syscalls.o
                0x0800135c                _write
 .text.TIM_TimeBaseInit
                0x080013ac       0xec ..\obj\stm32f30x_tim.o
                0x080013ac                TIM_TimeBaseInit
 .text.TIM_Cmd  0x08001498       0x40 ..\obj\stm32f30x_tim.o
                0x08001498                TIM_Cmd
 .text.TIM_OC1Init
                0x080014d8      0x124 ..\obj\stm32f30x_tim.o
                0x080014d8                TIM_OC1Init
 .text.TIM_OC2Init
                0x080015fc      0x100 ..\obj\stm32f30x_tim.o
                0x080015fc                TIM_OC2Init
 .text.TIM_OC3Init
                0x080016fc       0xfc ..\obj\stm32f30x_tim.o
                0x080016fc                TIM_OC3Init
 .text.TIM_OC4Init
                0x080017f8       0xc0 ..\obj\stm32f30x_tim.o
                0x080017f8                TIM_OC4Init
 .text.TIM_OC1PreloadConfig
                0x080018b8       0x38 ..\obj\stm32f30x_tim.o
                0x080018b8                TIM_OC1PreloadConfig
 .text.TIM_OC2PreloadConfig
                0x080018f0       0x38 ..\obj\stm32f30x_tim.o
                0x080018f0                TIM_OC2PreloadConfig
 .text.TIM_OC3PreloadConfig
                0x08001928       0x38 ..\obj\stm32f30x_tim.o
                0x08001928                TIM_OC3PreloadConfig
 .text.TIM_OC4PreloadConfig
                0x08001960       0x38 ..\obj\stm32f30x_tim.o
                0x08001960                TIM_OC4PreloadConfig
 .text.Reset_Handler
                0x08001998       0x44 ..\obj\startup_stm32f30x.o
                0x08001998                Reset_Handler
 .text.Default_Handler
                0x080019dc        0x2 ..\obj\startup_stm32f30x.o
                0x080019dc                RTC_Alarm_IRQHandler
                0x080019dc                TIM8_TRG_COM_IRQHandler
                0x080019dc                TIM8_CC_IRQHandler
                0x080019dc                DebugMon_Handler
                0x080019dc                TIM1_CC_IRQHandler
                0x080019dc                HardFault_Handler
                0x080019dc                USB_HP_IRQHandler
                0x080019dc                SysTick_Handler
                0x080019dc                PVD_IRQHandler
                0x080019dc                PendSV_Handler
                0x080019dc                NMI_Handler
                0x080019dc                EXTI3_IRQHandler
                0x080019dc                EXTI0_IRQHandler
                0x080019dc                I2C2_EV_IRQHandler
                0x080019dc                FPU_IRQHandler
                0x080019dc                EXTI2_TS_IRQHandler
                0x080019dc                TIM1_UP_TIM16_IRQHandler
                0x080019dc                UsageFault_Handler
                0x080019dc                ADC1_2_IRQHandler
                0x080019dc                SPI1_IRQHandler
                0x080019dc                TIM6_DAC_IRQHandler
                0x080019dc                TIM8_UP_IRQHandler
                0x080019dc                DMA2_Channel2_IRQHandler
                0x080019dc                DMA1_Channel4_IRQHandler
                0x080019dc                USART3_IRQHandler
                0x080019dc                DMA1_Channel7_IRQHandler
                0x080019dc                CAN1_RX1_IRQHandler
                0x080019dc                UART5_IRQHandler
                0x080019dc                ADC3_IRQHandler
                0x080019dc                TIM4_IRQHandler
                0x080019dc                DMA2_Channel1_IRQHandler
                0x080019dc                I2C1_EV_IRQHandler
                0x080019dc                DMA1_Channel6_IRQHandler
                0x080019dc                UART4_IRQHandler
                0x080019dc                DMA2_Channel4_IRQHandler
                0x080019dc                TIM3_IRQHandler
                0x080019dc                RCC_IRQHandler
                0x080019dc                DMA1_Channel1_IRQHandler
                0x080019dc                Default_Handler
                0x080019dc                USBWakeUp_RMP_IRQHandler
                0x080019dc                EXTI15_10_IRQHandler
                0x080019dc                TIM7_IRQHandler
                0x080019dc                EXTI9_5_IRQHandler
                0x080019dc                TAMPER_STAMP_IRQHandler
                0x080019dc                RTC_WKUP_IRQHandler
                0x080019dc                SPI2_IRQHandler
                0x080019dc                MemManage_Handler
                0x080019dc                SVC_Handler
                0x080019dc                DMA2_Channel5_IRQHandler
                0x080019dc                DMA1_Channel5_IRQHandler
                0x080019dc                USB_LP_IRQHandler
                0x080019dc                EXTI4_IRQHandler
                0x080019dc                USB_LP_CAN1_RX0_IRQHandler
                0x080019dc                TIM1_TRG_COM_TIM17_IRQHandler
                0x080019dc                USB_HP_CAN1_TX_IRQHandler
                0x080019dc                DMA1_Channel3_IRQHandler
                0x080019dc                ADC4_IRQHandler
                0x080019dc                WWDG_IRQHandler
                0x080019dc                TIM2_IRQHandler
                0x080019dc                COMP7_IRQHandler
                0x080019dc                COMP1_2_3_IRQHandler
                0x080019dc                EXTI1_IRQHandler
                0x080019dc                USART2_IRQHandler
                0x080019dc                COMP4_5_6_IRQHandler
                0x080019dc                I2C2_ER_IRQHandler
                0x080019dc                DMA1_Channel2_IRQHandler
                0x080019dc                TIM8_BRK_IRQHandler
                0x080019dc                CAN1_SCE_IRQHandler
                0x080019dc                FLASH_IRQHandler
                0x080019dc                BusFault_Handler
                0x080019dc                USART1_IRQHandler
                0x080019dc                SPI3_IRQHandler
                0x080019dc                I2C1_ER_IRQHandler
                0x080019dc                USBWakeUp_IRQHandler
                0x080019dc                DMA2_Channel3_IRQHandler
                0x080019dc                TIM1_BRK_TIM15_IRQHandler
 *fill*         0x080019de        0x2 
 .text.USART_Init
                0x080019e0      0x174 ..\obj\stm32f30x_usart.o
                0x080019e0                USART_Init
 .text.USART_Cmd
                0x08001b54       0x38 ..\obj\stm32f30x_usart.o
                0x08001b54                USART_Cmd
 .text.USART_SendData
                0x08001b8c       0x24 ..\obj\stm32f30x_usart.o
                0x08001b8c                USART_SendData
 .text.USART_GetFlagStatus
                0x08001bb0       0x34 ..\obj\stm32f30x_usart.o
                0x08001bb0                USART_GetFlagStatus
 .text.printf   0x08001be4       0x28 c:/program files (x86)/gnu tools arm embedded/4.9 2014q4/bin/../lib/gcc/arm-none-eabi/4.9.3/../../../../arm-none-eabi/lib/armv7e-m\libg.a(lib_a-printf.o)
                0x08001be4                printf
 .text._vfprintf_r
                0x08001c0c     0x13e8 c:/program files (x86)/gnu tools arm embedded/4.9 2014q4/bin/../lib/gcc/arm-none-eabi/4.9.3/../../../../arm-none-eabi/lib/armv7e-m\libg.a(lib_a-vfprintf.o)
                0x08001c0c                _vfprintf_r
 .text.__sbprintf
                0x08002ff4       0x78 c:/program files (x86)/gnu tools arm embedded/4.9 2014q4/bin/../lib/gcc/arm-none-eabi/4.9.3/../../../../arm-none-eabi/lib/armv7e-m\libg.a(lib_a-vfprintf.o)
 .text.__swsetup_r
                0x0800306c       0xc4 c:/program files (x86)/gnu tools arm embedded/4.9 2014q4/bin/../lib/gcc/arm-none-eabi/4.9.3/../../../../arm-none-eabi/lib/armv7e-m\libg.a(lib_a-wsetup.o)
                0x0800306c                __swsetup_r
 .text.quorem   0x08003130      0x12c c:/program files (x86)/gnu tools arm embedded/4.9 2014q4/bin/../lib/gcc/arm-none-eabi/4.9.3/../../../../arm-none-eabi/lib/armv7e-m\libg.a(lib_a-dtoa.o)
 *fill*         0x0800325c        0x4 
 .text._dtoa_r  0x08003260      0xe98 c:/program files (x86)/gnu tools arm embedded/4.9 2014q4/bin/../lib/gcc/arm-none-eabi/4.9.3/../../../../arm-none-eabi/lib/armv7e-m\libg.a(lib_a-dtoa.o)
                0x08003260                _dtoa_r
 .text.__sflush_r
                0x080040f8      0x154 c:/program files (x86)/gnu tools arm embedded/4.9 2014q4/bin/../lib/gcc/arm-none-eabi/4.9.3/../../../../arm-none-eabi/lib/armv7e-m\libg.a(lib_a-fflush.o)
                0x080040f8                __sflush_r
 .text._fflush_r
                0x0800424c       0x2c c:/program files (x86)/gnu tools arm embedded/4.9 2014q4/bin/../lib/gcc/arm-none-eabi/4.9.3/../../../../arm-none-eabi/lib/armv7e-m\libg.a(lib_a-fflush.o)
                0x0800424c                _fflush_r
 .text._cleanup_r
                0x08004278        0xc c:/program files (x86)/gnu tools arm embedded/4.9 2014q4/bin/../lib/gcc/arm-none-eabi/4.9.3/../../../../arm-none-eabi/lib/armv7e-m\libg.a(lib_a-findfp.o)
                0x08004278                _cleanup_r
 .text.__sinit.part.1
                0x08004284       0xf0 c:/program files (x86)/gnu tools arm embedded/4.9 2014q4/bin/../lib/gcc/arm-none-eabi/4.9.3/../../../../arm-none-eabi/lib/armv7e-m\libg.a(lib_a-findfp.o)
 .text.__sinit  0x08004374        0xc c:/program files (x86)/gnu tools arm embedded/4.9 2014q4/bin/../lib/gcc/arm-none-eabi/4.9.3/../../../../arm-none-eabi/lib/armv7e-m\libg.a(lib_a-findfp.o)
                0x08004374                __sinit
 .text.__sfp_lock_acquire
                0x08004380        0x4 c:/program files (x86)/gnu tools arm embedded/4.9 2014q4/bin/../lib/gcc/arm-none-eabi/4.9.3/../../../../arm-none-eabi/lib/armv7e-m\libg.a(lib_a-findfp.o)
                0x08004380                __sfp_lock_acquire
 .text.__sfp_lock_release
                0x08004384        0x4 c:/program files (x86)/gnu tools arm embedded/4.9 2014q4/bin/../lib/gcc/arm-none-eabi/4.9.3/../../../../arm-none-eabi/lib/armv7e-m\libg.a(lib_a-findfp.o)
                0x08004384                __sfp_lock_release
 .text._malloc_trim_r
                0x08004388       0x9c c:/program files (x86)/gnu tools arm embedded/4.9 2014q4/bin/../lib/gcc/arm-none-eabi/4.9.3/../../../../arm-none-eabi/lib/armv7e-m\libg.a(lib_a-freer.o)
                0x08004388                _malloc_trim_r
 .text._free_r  0x08004424      0x1b0 c:/program files (x86)/gnu tools arm embedded/4.9 2014q4/bin/../lib/gcc/arm-none-eabi/4.9.3/../../../../arm-none-eabi/lib/armv7e-m\libg.a(lib_a-freer.o)
                0x08004424                _free_r
 .text._fwalk_reent
                0x080045d4       0x54 c:/program files (x86)/gnu tools arm embedded/4.9 2014q4/bin/../lib/gcc/arm-none-eabi/4.9.3/../../../../arm-none-eabi/lib/armv7e-m\libg.a(lib_a-fwalk.o)
                0x080045d4                _fwalk_reent
 .text.__locale_charset
                0x08004628        0x8 c:/program files (x86)/gnu tools arm embedded/4.9 2014q4/bin/../lib/gcc/arm-none-eabi/4.9.3/../../../../arm-none-eabi/lib/armv7e-m\libg.a(lib_a-locale.o)
                0x08004628                __locale_charset
 .text.__locale_mb_cur_max
                0x08004630        0xc c:/program files (x86)/gnu tools arm embedded/4.9 2014q4/bin/../lib/gcc/arm-none-eabi/4.9.3/../../../../arm-none-eabi/lib/armv7e-m\libg.a(lib_a-locale.o)
                0x08004630                __locale_mb_cur_max
 .text._localeconv_r
                0x0800463c        0x8 c:/program files (x86)/gnu tools arm embedded/4.9 2014q4/bin/../lib/gcc/arm-none-eabi/4.9.3/../../../../arm-none-eabi/lib/armv7e-m\libg.a(lib_a-locale.o)
                0x0800463c                _localeconv_r
 .text.__smakebuf_r
                0x08004644       0xe0 c:/program files (x86)/gnu tools arm embedded/4.9 2014q4/bin/../lib/gcc/arm-none-eabi/4.9.3/../../../../arm-none-eabi/lib/armv7e-m\libg.a(lib_a-makebuf.o)
                0x08004644                __smakebuf_r
 .text._malloc_r
                0x08004724      0x51c c:/program files (x86)/gnu tools arm embedded/4.9 2014q4/bin/../lib/gcc/arm-none-eabi/4.9.3/../../../../arm-none-eabi/lib/armv7e-m\libg.a(lib_a-mallocr.o)
                0x08004724                _malloc_r
 .text.memchr   0x08004c40       0x94 c:/program files (x86)/gnu tools arm embedded/4.9 2014q4/bin/../lib/gcc/arm-none-eabi/4.9.3/../../../../arm-none-eabi/lib/armv7e-m\libg.a(lib_a-memchr.o)
                0x08004c40                memchr
 .text          0x08004cd4      0x134 c:/program files (x86)/gnu tools arm embedded/4.9 2014q4/bin/../lib/gcc/arm-none-eabi/4.9.3/../../../../arm-none-eabi/lib/armv7e-m\libg.a(lib_a-memcpy.o)
                0x08004cd4                memcpy
 .text.memset   0x08004e08       0x9c c:/program files (x86)/gnu tools arm embedded/4.9 2014q4/bin/../lib/gcc/arm-none-eabi/4.9.3/../../../../arm-none-eabi/lib/armv7e-m\libg.a(lib_a-memset.o)
                0x08004e08                memset
 .text.__malloc_lock
                0x08004ea4        0x4 c:/program files (x86)/gnu tools arm embedded/4.9 2014q4/bin/../lib/gcc/arm-none-eabi/4.9.3/../../../../arm-none-eabi/lib/armv7e-m\libg.a(lib_a-mlock.o)
                0x08004ea4                __malloc_lock
 .text.__malloc_unlock
                0x08004ea8        0x4 c:/program files (x86)/gnu tools arm embedded/4.9 2014q4/bin/../lib/gcc/arm-none-eabi/4.9.3/../../../../arm-none-eabi/lib/armv7e-m\libg.a(lib_a-mlock.o)
                0x08004ea8                __malloc_unlock
 .text._Balloc  0x08004eac       0x4c c:/program files (x86)/gnu tools arm embedded/4.9 2014q4/bin/../lib/gcc/arm-none-eabi/4.9.3/../../../../arm-none-eabi/lib/armv7e-m\libg.a(lib_a-mprec.o)
                0x08004eac                _Balloc
 .text._Bfree   0x08004ef8       0x14 c:/program files (x86)/gnu tools arm embedded/4.9 2014q4/bin/../lib/gcc/arm-none-eabi/4.9.3/../../../../arm-none-eabi/lib/armv7e-m\libg.a(lib_a-mprec.o)
                0x08004ef8                _Bfree
 .text.__multadd
                0x08004f0c       0x84 c:/program files (x86)/gnu tools arm embedded/4.9 2014q4/bin/../lib/gcc/arm-none-eabi/4.9.3/../../../../arm-none-eabi/lib/armv7e-m\libg.a(lib_a-mprec.o)
                0x08004f0c                __multadd
 .text.__hi0bits
                0x08004f90       0x40 c:/program files (x86)/gnu tools arm embedded/4.9 2014q4/bin/../lib/gcc/arm-none-eabi/4.9.3/../../../../arm-none-eabi/lib/armv7e-m\libg.a(lib_a-mprec.o)
                0x08004f90                __hi0bits
 .text.__lo0bits
                0x08004fd0       0x5c c:/program files (x86)/gnu tools arm embedded/4.9 2014q4/bin/../lib/gcc/arm-none-eabi/4.9.3/../../../../arm-none-eabi/lib/armv7e-m\libg.a(lib_a-mprec.o)
                0x08004fd0                __lo0bits
 .text.__i2b    0x0800502c       0x14 c:/program files (x86)/gnu tools arm embedded/4.9 2014q4/bin/../lib/gcc/arm-none-eabi/4.9.3/../../../../arm-none-eabi/lib/armv7e-m\libg.a(lib_a-mprec.o)
                0x0800502c                __i2b
 .text.__multiply
                0x08005040      0x134 c:/program files (x86)/gnu tools arm embedded/4.9 2014q4/bin/../lib/gcc/arm-none-eabi/4.9.3/../../../../arm-none-eabi/lib/armv7e-m\libg.a(lib_a-mprec.o)
                0x08005040                __multiply
 .text.__pow5mult
                0x08005174       0xa0 c:/program files (x86)/gnu tools arm embedded/4.9 2014q4/bin/../lib/gcc/arm-none-eabi/4.9.3/../../../../arm-none-eabi/lib/armv7e-m\libg.a(lib_a-mprec.o)
                0x08005174                __pow5mult
 .text.__lshift
                0x08005214       0xac c:/program files (x86)/gnu tools arm embedded/4.9 2014q4/bin/../lib/gcc/arm-none-eabi/4.9.3/../../../../arm-none-eabi/lib/armv7e-m\libg.a(lib_a-mprec.o)
                0x08005214                __lshift
 .text.__mcmp   0x080052c0       0x48 c:/program files (x86)/gnu tools arm embedded/4.9 2014q4/bin/../lib/gcc/arm-none-eabi/4.9.3/../../../../arm-none-eabi/lib/armv7e-m\libg.a(lib_a-mprec.o)
                0x080052c0                __mcmp
 .text.__mdiff  0x08005308       0xd4 c:/program files (x86)/gnu tools arm embedded/4.9 2014q4/bin/../lib/gcc/arm-none-eabi/4.9.3/../../../../arm-none-eabi/lib/armv7e-m\libg.a(lib_a-mprec.o)
                0x08005308                __mdiff
 .text.__d2b    0x080053dc       0xb8 c:/program files (x86)/gnu tools arm embedded/4.9 2014q4/bin/../lib/gcc/arm-none-eabi/4.9.3/../../../../arm-none-eabi/lib/armv7e-m\libg.a(lib_a-mprec.o)
                0x080053dc                __d2b
 .text.__fpclassifyd
                0x08005494       0x58 c:/program files (x86)/gnu tools arm embedded/4.9 2014q4/bin/../lib/gcc/arm-none-eabi/4.9.3/../../../../arm-none-eabi/lib/armv7e-m\libg.a(lib_a-s_fpclassify.o)
                0x08005494                __fpclassifyd
 .text._sbrk_r  0x080054ec       0x24 c:/program files (x86)/gnu tools arm embedded/4.9 2014q4/bin/../lib/gcc/arm-none-eabi/4.9.3/../../../../arm-none-eabi/lib/armv7e-m\libg.a(lib_a-sbrkr.o)
                0x080054ec                _sbrk_r
 .text.__sread  0x08005510       0x24 c:/program files (x86)/gnu tools arm embedded/4.9 2014q4/bin/../lib/gcc/arm-none-eabi/4.9.3/../../../../arm-none-eabi/lib/armv7e-m\libg.a(lib_a-stdio.o)
                0x08005510                __sread
 .text.__swrite
                0x08005534       0x38 c:/program files (x86)/gnu tools arm embedded/4.9 2014q4/bin/../lib/gcc/arm-none-eabi/4.9.3/../../../../arm-none-eabi/lib/armv7e-m\libg.a(lib_a-stdio.o)
                0x08005534                __swrite
 .text.__sseek  0x0800556c       0x20 c:/program files (x86)/gnu tools arm embedded/4.9 2014q4/bin/../lib/gcc/arm-none-eabi/4.9.3/../../../../arm-none-eabi/lib/armv7e-m\libg.a(lib_a-stdio.o)
                0x0800556c                __sseek
 .text.__sclose
                0x0800558c        0x8 c:/program files (x86)/gnu tools arm embedded/4.9 2014q4/bin/../lib/gcc/arm-none-eabi/4.9.3/../../../../arm-none-eabi/lib/armv7e-m\libg.a(lib_a-stdio.o)
                0x0800558c                __sclose
 .text.strlen   0x08005594       0x5c c:/program files (x86)/gnu tools arm embedded/4.9 2014q4/bin/../lib/gcc/arm-none-eabi/4.9.3/../../../../arm-none-eabi/lib/armv7e-m\libg.a(lib_a-strlen.o)
                0x08005594                strlen
 .text.__sprint_r.part.0
                0x080055f0       0x78 c:/program files (x86)/gnu tools arm embedded/4.9 2014q4/bin/../lib/gcc/arm-none-eabi/4.9.3/../../../../arm-none-eabi/lib/armv7e-m\libg.a(lib_a-vfiprintf.o)
 .text.__sprint_r
                0x08005668       0x18 c:/program files (x86)/gnu tools arm embedded/4.9 2014q4/bin/../lib/gcc/arm-none-eabi/4.9.3/../../../../arm-none-eabi/lib/armv7e-m\libg.a(lib_a-vfiprintf.o)
                0x08005668                __sprint_r
 .text._write_r
                0x08005680       0x28 c:/program files (x86)/gnu tools arm embedded/4.9 2014q4/bin/../lib/gcc/arm-none-eabi/4.9.3/../../../../arm-none-eabi/lib/armv7e-m\libg.a(lib_a-writer.o)
                0x08005680                _write_r
 .text._calloc_r
                0x080056a8       0x60 c:/program files (x86)/gnu tools arm embedded/4.9 2014q4/bin/../lib/gcc/arm-none-eabi/4.9.3/../../../../arm-none-eabi/lib/armv7e-m\libg.a(lib_a-callocr.o)
                0x080056a8                _calloc_r
 .text._close_r
                0x08005708       0x24 c:/program files (x86)/gnu tools arm embedded/4.9 2014q4/bin/../lib/gcc/arm-none-eabi/4.9.3/../../../../arm-none-eabi/lib/armv7e-m\libg.a(lib_a-closer.o)
                0x08005708                _close_r
 .text._fclose_r
                0x0800572c       0x84 c:/program files (x86)/gnu tools arm embedded/4.9 2014q4/bin/../lib/gcc/arm-none-eabi/4.9.3/../../../../arm-none-eabi/lib/armv7e-m\libg.a(lib_a-fclose.o)
                0x0800572c                _fclose_r
 .text._fputwc_r
                0x080057b0       0xc4 c:/program files (x86)/gnu tools arm embedded/4.9 2014q4/bin/../lib/gcc/arm-none-eabi/4.9.3/../../../../arm-none-eabi/lib/armv7e-m\libg.a(lib_a-fputwc.o)
                0x080057b0                _fputwc_r
 .text._fstat_r
                0x08005874       0x28 c:/program files (x86)/gnu tools arm embedded/4.9 2014q4/bin/../lib/gcc/arm-none-eabi/4.9.3/../../../../arm-none-eabi/lib/armv7e-m\libg.a(lib_a-fstatr.o)
                0x08005874                _fstat_r
 .text.__sfvwrite_r
                0x0800589c      0x318 c:/program files (x86)/gnu tools arm embedded/4.9 2014q4/bin/../lib/gcc/arm-none-eabi/4.9.3/../../../../arm-none-eabi/lib/armv7e-m\libg.a(lib_a-fvwrite.o)
                0x0800589c                __sfvwrite_r
 .text._isatty_r
                0x08005bb4       0x24 c:/program files (x86)/gnu tools arm embedded/4.9 2014q4/bin/../lib/gcc/arm-none-eabi/4.9.3/../../../../arm-none-eabi/lib/armv7e-m\libg.a(lib_a-isattyr.o)
                0x08005bb4                _isatty_r
 .text._lseek_r
                0x08005bd8       0x28 c:/program files (x86)/gnu tools arm embedded/4.9 2014q4/bin/../lib/gcc/arm-none-eabi/4.9.3/../../../../arm-none-eabi/lib/armv7e-m\libg.a(lib_a-lseekr.o)
                0x08005bd8                _lseek_r
 .text.memmove  0x08005c00       0xc8 c:/program files (x86)/gnu tools arm embedded/4.9 2014q4/bin/../lib/gcc/arm-none-eabi/4.9.3/../../../../arm-none-eabi/lib/armv7e-m\libg.a(lib_a-memmove.o)
                0x08005c00                memmove
 .text._read_r  0x08005cc8       0x28 c:/program files (x86)/gnu tools arm embedded/4.9 2014q4/bin/../lib/gcc/arm-none-eabi/4.9.3/../../../../arm-none-eabi/lib/armv7e-m\libg.a(lib_a-readr.o)
                0x08005cc8                _read_r
 .text._realloc_r
                0x08005cf0      0x3ec c:/program files (x86)/gnu tools arm embedded/4.9 2014q4/bin/../lib/gcc/arm-none-eabi/4.9.3/../../../../arm-none-eabi/lib/armv7e-m\libg.a(lib_a-reallocr.o)
                0x08005cf0                _realloc_r
 .text.__swbuf_r
                0x080060dc       0xa8 c:/program files (x86)/gnu tools arm embedded/4.9 2014q4/bin/../lib/gcc/arm-none-eabi/4.9.3/../../../../arm-none-eabi/lib/armv7e-m\libg.a(lib_a-wbuf.o)
                0x080060dc                __swbuf_r
 .text._wcrtomb_r
                0x08006184       0x54 c:/program files (x86)/gnu tools arm embedded/4.9 2014q4/bin/../lib/gcc/arm-none-eabi/4.9.3/../../../../arm-none-eabi/lib/armv7e-m\libg.a(lib_a-wcrtomb.o)
                0x08006184                _wcrtomb_r
 .text.__ascii_wctomb
                0x080061d8       0x1c c:/program files (x86)/gnu tools arm embedded/4.9 2014q4/bin/../lib/gcc/arm-none-eabi/4.9.3/../../../../arm-none-eabi/lib/armv7e-m\libg.a(lib_a-wctomb_r.o)
                0x080061d8                __ascii_wctomb
 .text          0x080061f4      0x370 c:/program files (x86)/gnu tools arm embedded/4.9 2014q4/bin/../lib/gcc/arm-none-eabi/4.9.3/armv7e-m\libgcc.a(_arm_addsubdf3.o)
                0x080061f4                __aeabi_drsub
                0x080061fc                __aeabi_dsub
                0x080061fc                __subdf3
                0x08006200                __aeabi_dadd
                0x08006200                __adddf3
                0x08006478                __floatunsidf
                0x08006478                __aeabi_ui2d
                0x08006498                __floatsidf
                0x08006498                __aeabi_i2d
                0x080064bc                __aeabi_f2d
                0x080064bc                __extendsfdf2
                0x080064f8                __floatundidf
                0x080064f8                __aeabi_ul2d
                0x08006508                __floatdidf
                0x08006508                __aeabi_l2d
 .text          0x08006564      0x424 c:/program files (x86)/gnu tools arm embedded/4.9 2014q4/bin/../lib/gcc/arm-none-eabi/4.9.3/armv7e-m\libgcc.a(_arm_muldivdf3.o)
                0x08006564                __aeabi_dmul
                0x08006564                __muldf3
                0x080067b8                __divdf3
                0x080067b8                __aeabi_ddiv
 .text          0x08006988      0x110 c:/program files (x86)/gnu tools arm embedded/4.9 2014q4/bin/../lib/gcc/arm-none-eabi/4.9.3/armv7e-m\libgcc.a(_arm_cmpdf2.o)
                0x08006988                __gtdf2
                0x08006988                __gedf2
                0x08006990                __ltdf2
                0x08006990                __ledf2
                0x08006998                __nedf2
                0x08006998                __eqdf2
                0x08006998                __cmpdf2
                0x08006a14                __aeabi_cdrcmple
                0x08006a24                __aeabi_cdcmpeq
                0x08006a24                __aeabi_cdcmple
                0x08006a34                __aeabi_dcmpeq
                0x08006a48                __aeabi_dcmplt
                0x08006a5c                __aeabi_dcmple
                0x08006a70                __aeabi_dcmpge
                0x08006a84                __aeabi_dcmpgt
 .text          0x08006a98       0x50 c:/program files (x86)/gnu tools arm embedded/4.9 2014q4/bin/../lib/gcc/arm-none-eabi/4.9.3/armv7e-m\libgcc.a(_arm_fixdfsi.o)
                0x08006a98                __aeabi_d2iz
                0x08006a98                __fixdfsi
 .text          0x08006ae8       0x2c c:/program files (x86)/gnu tools arm embedded/4.9 2014q4/bin/../lib/gcc/arm-none-eabi/4.9.3/armv7e-m\libgcc.a(_aeabi_uldivmod.o)
                0x08006ae8                __aeabi_uldivmod
 .text          0x08006b14       0x60 c:/program files (x86)/gnu tools arm embedded/4.9 2014q4/bin/../lib/gcc/arm-none-eabi/4.9.3/armv7e-m\libgcc.a(bpabi.o)
                0x08006b14                __gnu_ldivmod_helper
                0x08006b44                __gnu_uldivmod_helper
 .text          0x08006b74        0x4 c:/program files (x86)/gnu tools arm embedded/4.9 2014q4/bin/../lib/gcc/arm-none-eabi/4.9.3/armv7e-m\libgcc.a(_dvmd_tls.o)
                0x08006b74                __aeabi_idiv0
                0x08006b74                __aeabi_ldiv0
 .text          0x08006b78      0x29c c:/program files (x86)/gnu tools arm embedded/4.9 2014q4/bin/../lib/gcc/arm-none-eabi/4.9.3/armv7e-m\libgcc.a(_divdi3.o)
                0x08006b78                __divdi3
 .text          0x08006e14      0x26c c:/program files (x86)/gnu tools arm embedded/4.9 2014q4/bin/../lib/gcc/arm-none-eabi/4.9.3/armv7e-m\libgcc.a(_udivdi3.o)
                0x08006e14                __udivdi3
 *(.init)
 *(.fini)
 *crtbegin.o(.ctors)
 *crtbegin?.o(.ctors)
 *(EXCLUDE_FILE(*crtend.o *crtend?.o) .ctors)
 *(SORT(.ctors.*))
 *(.ctors)
 *crtbegin.o(.dtors)
 *crtbegin?.o(.dtors)
 *(EXCLUDE_FILE(*crtend.o *crtend?.o) .dtors)
 *(SORT(.dtors.*))
 *(.dtors)
 *(.rodata*)
 .rodata        0x08007080        0xc ..\obj\main.o
 .rodata.zeroes.6810
                0x0800708c       0x10 c:/program files (x86)/gnu tools arm embedded/4.9 2014q4/bin/../lib/gcc/arm-none-eabi/4.9.3/../../../../arm-none-eabi/lib/armv7e-m\libg.a(lib_a-vfprintf.o)
 .rodata.str1.4
                0x0800709c       0x42 c:/program files (x86)/gnu tools arm embedded/4.9 2014q4/bin/../lib/gcc/arm-none-eabi/4.9.3/../../../../arm-none-eabi/lib/armv7e-m\libg.a(lib_a-vfprintf.o)
                                 0x44 (size before relaxing)
 *fill*         0x080070de        0x2 
 .rodata.blanks.6809
                0x080070e0       0x10 c:/program files (x86)/gnu tools arm embedded/4.9 2014q4/bin/../lib/gcc/arm-none-eabi/4.9.3/../../../../arm-none-eabi/lib/armv7e-m\libg.a(lib_a-vfprintf.o)
 .rodata.str1.4
                0x080070f0       0x10 c:/program files (x86)/gnu tools arm embedded/4.9 2014q4/bin/../lib/gcc/arm-none-eabi/4.9.3/../../../../arm-none-eabi/lib/armv7e-m\libg.a(lib_a-dtoa.o)
                                 0x14 (size before relaxing)
 .rodata.str1.4
                0x08007100        0x2 c:/program files (x86)/gnu tools arm embedded/4.9 2014q4/bin/../lib/gcc/arm-none-eabi/4.9.3/../../../../arm-none-eabi/lib/armv7e-m\libg.a(lib_a-impure.o)
                                  0x4 (size before relaxing)
 *fill*         0x08007102        0x2 
 .rodata.str1.4
                0x08007104        0xc c:/program files (x86)/gnu tools arm embedded/4.9 2014q4/bin/../lib/gcc/arm-none-eabi/4.9.3/../../../../arm-none-eabi/lib/armv7e-m\libg.a(lib_a-locale.o)
                                 0x14 (size before relaxing)
 .rodata.__mprec_tens
                0x08007110       0xc8 c:/program files (x86)/gnu tools arm embedded/4.9 2014q4/bin/../lib/gcc/arm-none-eabi/4.9.3/../../../../arm-none-eabi/lib/armv7e-m\libg.a(lib_a-mprec.o)
                0x08007110                __mprec_tens
 .rodata.__mprec_bigtens
                0x080071d8       0x28 c:/program files (x86)/gnu tools arm embedded/4.9 2014q4/bin/../lib/gcc/arm-none-eabi/4.9.3/../../../../arm-none-eabi/lib/armv7e-m\libg.a(lib_a-mprec.o)
                0x080071d8                __mprec_bigtens
 .rodata.p05.5265
                0x08007200        0xc c:/program files (x86)/gnu tools arm embedded/4.9 2014q4/bin/../lib/gcc/arm-none-eabi/4.9.3/../../../../arm-none-eabi/lib/armv7e-m\libg.a(lib_a-mprec.o)
 *(.eh_fram e*)

.glue_7         0x0800720c        0x0
 .glue_7        0x00000000        0x0 linker stubs

.glue_7t        0x0800720c        0x0
 .glue_7t       0x00000000        0x0 linker stubs

.vfp11_veneer   0x0800720c        0x0
 .vfp11_veneer  0x00000000        0x0 linker stubs

.v4_bx          0x0800720c        0x0
 .v4_bx         0x00000000        0x0 linker stubs

.iplt           0x0800720c        0x0
 .iplt          0x00000000        0x0 ..\obj\stm32f30x_rcc.o

.ARM.extab
 *(.ARM.extab* .gnu.linkonce.armextab.*)
                0x0800720c                __exidx_start = .

.ARM.exidx      0x0800720c        0x8
 *(.ARM.exidx* .gnu.linkonce.armexidx.*)
 .ARM.exidx     0x0800720c        0x8 c:/program files (x86)/gnu tools arm embedded/4.9 2014q4/bin/../lib/gcc/arm-none-eabi/4.9.3/armv7e-m\libgcc.a(_divdi3.o)
 .ARM.exidx     0x08007214        0x0 c:/program files (x86)/gnu tools arm embedded/4.9 2014q4/bin/../lib/gcc/arm-none-eabi/4.9.3/armv7e-m\libgcc.a(_udivdi3.o)
                                  0x8 (size before relaxing)
                0x08007214                __exidx_end = .
                0x08007214                __etext = .
                0x08007214                _sidata = __etext

.rel.dyn        0x08007214        0x0
 .rel.iplt      0x00000000        0x0 ..\obj\stm32f30x_rcc.o

.data           0x20000000      0x8cc load address 0x08007214
                0x20000000                __data_start__ = .
                0x20000000                _sdata = __data_start__
 *(vtable)
 *(.data*)
 .data          0x20000000       0x2c ..\obj\stm32f30x_rcc.o
 .data          0x2000002c        0x4 ..\obj\mpu6050.o
                0x2000002c                MPU6050_Timeout
 .data.impure_data
                0x20000030      0x428 c:/program files (x86)/gnu tools arm embedded/4.9 2014q4/bin/../lib/gcc/arm-none-eabi/4.9.3/../../../../arm-none-eabi/lib/armv7e-m\libg.a(lib_a-impure.o)
 .data._impure_ptr
                0x20000458        0x4 c:/program files (x86)/gnu tools arm embedded/4.9 2014q4/bin/../lib/gcc/arm-none-eabi/4.9.3/../../../../arm-none-eabi/lib/armv7e-m\libg.a(lib_a-impure.o)
                0x20000458                _impure_ptr
 .data.lconv    0x2000045c       0x38 c:/program files (x86)/gnu tools arm embedded/4.9 2014q4/bin/../lib/gcc/arm-none-eabi/4.9.3/../../../../arm-none-eabi/lib/armv7e-m\libg.a(lib_a-locale.o)
 .data.lc_ctype_charset
                0x20000494       0x20 c:/program files (x86)/gnu tools arm embedded/4.9 2014q4/bin/../lib/gcc/arm-none-eabi/4.9.3/../../../../arm-none-eabi/lib/armv7e-m\libg.a(lib_a-locale.o)
 .data.__mb_cur_max
                0x200004b4        0x4 c:/program files (x86)/gnu tools arm embedded/4.9 2014q4/bin/../lib/gcc/arm-none-eabi/4.9.3/../../../../arm-none-eabi/lib/armv7e-m\libg.a(lib_a-locale.o)
                0x200004b4                __mb_cur_max
 .data.__malloc_av_
                0x200004b8      0x408 c:/program files (x86)/gnu tools arm embedded/4.9 2014q4/bin/../lib/gcc/arm-none-eabi/4.9.3/../../../../arm-none-eabi/lib/armv7e-m\libg.a(lib_a-mallocr.o)
                0x200004b8                __malloc_av_
 .data.__malloc_trim_threshold
                0x200008c0        0x4 c:/program files (x86)/gnu tools arm embedded/4.9 2014q4/bin/../lib/gcc/arm-none-eabi/4.9.3/../../../../arm-none-eabi/lib/armv7e-m\libg.a(lib_a-mallocr.o)
                0x200008c0                __malloc_trim_threshold
 .data.__malloc_sbrk_base
                0x200008c4        0x4 c:/program files (x86)/gnu tools arm embedded/4.9 2014q4/bin/../lib/gcc/arm-none-eabi/4.9.3/../../../../arm-none-eabi/lib/armv7e-m\libg.a(lib_a-mallocr.o)
                0x200008c4                __malloc_sbrk_base
 .data.__wctomb
                0x200008c8        0x4 c:/program files (x86)/gnu tools arm embedded/4.9 2014q4/bin/../lib/gcc/arm-none-eabi/4.9.3/../../../../arm-none-eabi/lib/armv7e-m\libg.a(lib_a-wctomb_r.o)
                0x200008c8                __wctomb
                0x200008cc                . = ALIGN (0x4)
                0x200008cc                PROVIDE (__preinit_array_start, .)
 *(.preinit_array)
                0x200008cc                PROVIDE (__preinit_array_end, .)
                0x200008cc                . = ALIGN (0x4)
                0x200008cc                PROVIDE (__init_array_start, .)
 *(SORT(.init_array.*))
 *(.init_array)
                0x200008cc                PROVIDE (__init_array_end, .)
                0x200008cc                . = ALIGN (0x4)
                0x200008cc                PROVIDE (__fini_array_start, .)
 *(SORT(.fini_array.*))
 *(.fini_array)
                0x200008cc                PROVIDE (__fini_array_end, .)
 *(.jcr*)
                0x200008cc                . = ALIGN (0x4)
                0x200008cc                __data_end__ = .
                0x200008cc                _edata = __data_end__

.igot.plt       0x200008cc        0x0 load address 0x08007ae0
 .igot.plt      0x00000000        0x0 ..\obj\stm32f30x_rcc.o

.bss            0x200008cc       0x3c load address 0x08007ae0
                0x200008cc                . = ALIGN (0x4)
                0x200008cc                __bss_start__ = .
                0x200008cc                _sbss = __bss_start__
 *(.bss*)
 .bss           0x200008cc        0x4 ..\obj\syscalls.o
 .bss.__malloc_max_total_mem
                0x200008d0        0x4 c:/program files (x86)/gnu tools arm embedded/4.9 2014q4/bin/../lib/gcc/arm-none-eabi/4.9.3/../../../../arm-none-eabi/lib/armv7e-m\libg.a(lib_a-mallocr.o)
                0x200008d0                __malloc_max_total_mem
 .bss.__malloc_max_sbrked_mem
                0x200008d4        0x4 c:/program files (x86)/gnu tools arm embedded/4.9 2014q4/bin/../lib/gcc/arm-none-eabi/4.9.3/../../../../arm-none-eabi/lib/armv7e-m\libg.a(lib_a-mallocr.o)
                0x200008d4                __malloc_max_sbrked_mem
 .bss.__malloc_top_pad
                0x200008d8        0x4 c:/program files (x86)/gnu tools arm embedded/4.9 2014q4/bin/../lib/gcc/arm-none-eabi/4.9.3/../../../../arm-none-eabi/lib/armv7e-m\libg.a(lib_a-mallocr.o)
                0x200008d8                __malloc_top_pad
 .bss.__malloc_current_mallinfo
                0x200008dc       0x28 c:/program files (x86)/gnu tools arm embedded/4.9 2014q4/bin/../lib/gcc/arm-none-eabi/4.9.3/../../../../arm-none-eabi/lib/armv7e-m\libg.a(lib_a-mallocr.o)
                0x200008dc                __malloc_current_mallinfo
 *(COMMON)
 COMMON         0x20000904        0x4 c:/program files (x86)/gnu tools arm embedded/4.9 2014q4/bin/../lib/gcc/arm-none-eabi/4.9.3/../../../../arm-none-eabi/lib/armv7e-m\libg.a(lib_a-reent.o)
                0x20000904                errno
                0x20000908                . = ALIGN (0x4)
                0x20000908                __bss_end__ = .
                0x20000908                _ebss = __bss_end__

.heap           0x20000908        0x0
                0x20000908                __end__ = .
                0x20000908                _end = __end__
                0x20000908                end = __end__
 *(.heap*)
                0x20000908                __HeapLimit = .

.co_stack       0x20000908        0x0
                0x20000908                . = ALIGN (0x8)
 *(.co_stack .co_stack.*)
                0x2000a000                __StackTop = (ORIGIN (ram) + 0xa000)
                0x2000a000                __StackLimit = (__StackTop - SIZEOF (.co_stack))
                0x2000a000                PROVIDE (__stack, __StackTop)
                0x00000001                ASSERT ((__StackLimit >= __HeapLimit), region ram  overflowed with stack)
LOAD ..\obj\stm32f30x_rcc.o
LOAD ..\obj\stm32f30x_gpio.o
LOAD ..\obj\main.o
LOAD ..\obj\stm32f30x_spi.o
LOAD ..\obj\stm32f30x_i2c.o
LOAD ..\obj\mpu6050.o
LOAD ..\obj\system_stm32f30x_temp.o
LOAD ..\obj\syscalls.o
LOAD ..\obj\stm32f30x_misc.o
LOAD ..\obj\stm32f30x_tim.o
LOAD ..\obj\startup_stm32f30x.o
LOAD ..\obj\stm32f30x_usart.o
START GROUP
LOAD c:/program files (x86)/gnu tools arm embedded/4.9 2014q4/bin/../lib/gcc/arm-none-eabi/4.9.3/armv7e-m\libgcc.a
LOAD c:/program files (x86)/gnu tools arm embedded/4.9 2014q4/bin/../lib/gcc/arm-none-eabi/4.9.3/../../../../arm-none-eabi/lib/armv7e-m\libg.a
LOAD c:/program files (x86)/gnu tools arm embedded/4.9 2014q4/bin/../lib/gcc/arm-none-eabi/4.9.3/../../../../arm-none-eabi/lib/armv7e-m\libc.a
END GROUP
OUTPUT(mpu6050.elf elf32-littlearm)

.debug_info     0x00000000     0x65fb
 .debug_info    0x00000000      0xaac ..\obj\stm32f30x_rcc.o
 .debug_info    0x00000aac      0x5fa ..\obj\stm32f30x_gpio.o
 .debug_info    0x000010a6      0x888 ..\obj\main.o
 .debug_info    0x0000192e      0xbde ..\obj\stm32f30x_i2c.o
 .debug_info    0x0000250c      0x621 ..\obj\mpu6050.o
 .debug_info    0x00002b2d      0x498 ..\obj\system_stm32f30x_temp.o
 .debug_info    0x00002fc5      0x555 ..\obj\syscalls.o
 .debug_info    0x0000351a     0x2184 ..\obj\stm32f30x_tim.o
 .debug_info    0x0000569e       0xa1 ..\obj\startup_stm32f30x.o
 .debug_info    0x0000573f      0xebc ..\obj\stm32f30x_usart.o

.debug_abbrev   0x00000000      0xd0f
 .debug_abbrev  0x00000000      0x1e3 ..\obj\stm32f30x_rcc.o
 .debug_abbrev  0x000001e3      0x194 ..\obj\stm32f30x_gpio.o
 .debug_abbrev  0x00000377      0x12c ..\obj\main.o
 .debug_abbrev  0x000004a3      0x17e ..\obj\stm32f30x_i2c.o
 .debug_abbrev  0x00000621      0x14e ..\obj\mpu6050.o
 .debug_abbrev  0x0000076f      0x145 ..\obj\system_stm32f30x_temp.o
 .debug_abbrev  0x000008b4      0x16d ..\obj\syscalls.o
 .debug_abbrev  0x00000a21      0x187 ..\obj\stm32f30x_tim.o
 .debug_abbrev  0x00000ba8       0x12 ..\obj\startup_stm32f30x.o
 .debug_abbrev  0x00000bba      0x155 ..\obj\stm32f30x_usart.o

.debug_aranges  0x00000000      0x9f0
 .debug_aranges
                0x00000000      0x150 ..\obj\stm32f30x_rcc.o
 .debug_aranges
                0x00000150       0x80 ..\obj\stm32f30x_gpio.o
 .debug_aranges
                0x000001d0       0x40 ..\obj\main.o
 .debug_aranges
                0x00000210      0x168 ..\obj\stm32f30x_i2c.o
 .debug_aranges
                0x00000378       0x78 ..\obj\mpu6050.o
 .debug_aranges
                0x000003f0       0x30 ..\obj\system_stm32f30x_temp.o
 .debug_aranges
                0x00000420       0x60 ..\obj\syscalls.o
 .debug_aranges
                0x00000480      0x3a8 ..\obj\stm32f30x_tim.o
 .debug_aranges
                0x00000828       0x28 ..\obj\startup_stm32f30x.o
 .debug_aranges
                0x00000850      0x1a0 ..\obj\stm32f30x_usart.o

.debug_ranges   0x00000000      0x958
 .debug_ranges  0x00000000      0x140 ..\obj\stm32f30x_rcc.o
 .debug_ranges  0x00000140       0x70 ..\obj\stm32f30x_gpio.o
 .debug_ranges  0x000001b0       0x30 ..\obj\main.o
 .debug_ranges  0x000001e0      0x158 ..\obj\stm32f30x_i2c.o
 .debug_ranges  0x00000338       0x68 ..\obj\mpu6050.o
 .debug_ranges  0x000003a0       0x20 ..\obj\system_stm32f30x_temp.o
 .debug_ranges  0x000003c0       0x50 ..\obj\syscalls.o
 .debug_ranges  0x00000410      0x398 ..\obj\stm32f30x_tim.o
 .debug_ranges  0x000007a8       0x20 ..\obj\startup_stm32f30x.o
 .debug_ranges  0x000007c8      0x190 ..\obj\stm32f30x_usart.o

.debug_line     0x00000000     0x2c57
 .debug_line    0x00000000      0x58d ..\obj\stm32f30x_rcc.o
 .debug_line    0x0000058d      0x31f ..\obj\stm32f30x_gpio.o
 .debug_line    0x000008ac      0x2e2 ..\obj\main.o
 .debug_line    0x00000b8e      0x565 ..\obj\stm32f30x_i2c.o
 .debug_line    0x000010f3      0x3a3 ..\obj\mpu6050.o
 .debug_line    0x00001496      0x1f6 ..\obj\system_stm32f30x_temp.o
 .debug_line    0x0000168c      0x2be ..\obj\syscalls.o
 .debug_line    0x0000194a      0xc57 ..\obj\stm32f30x_tim.o
 .debug_line    0x000025a1       0xa4 ..\obj\startup_stm32f30x.o
 .debug_line    0x00002645      0x612 ..\obj\stm32f30x_usart.o

.debug_str      0x00000000     0x2a23
 .debug_str     0x00000000      0x761 ..\obj\stm32f30x_rcc.o
                                0x7f8 (size before relaxing)
 .debug_str     0x00000761      0x328 ..\obj\stm32f30x_gpio.o
                                0x4a3 (size before relaxing)
 .debug_str     0x00000a89      0x416 ..\obj\main.o
                                0x727 (size before relaxing)
 .debug_str     0x00000e9f      0x3da ..\obj\stm32f30x_i2c.o
                                0x651 (size before relaxing)
 .debug_str     0x00001279      0x2f7 ..\obj\mpu6050.o
                                0x50d (size before relaxing)
 .debug_str     0x00001570       0xfd ..\obj\system_stm32f30x_temp.o
                                0x30e (size before relaxing)
 .debug_str     0x0000166d      0x165 ..\obj\syscalls.o
                                0x365 (size before relaxing)
 .debug_str     0x000017d2      0xbed ..\obj\stm32f30x_tim.o
                                0xf7b (size before relaxing)
 .debug_str     0x000023bf      0x664 ..\obj\stm32f30x_usart.o
                                0xa03 (size before relaxing)

.comment        0x00000000       0x70
 .comment       0x00000000       0x70 ..\obj\stm32f30x_rcc.o
                                 0x71 (size before relaxing)
 .comment       0x00000000       0x71 ..\obj\stm32f30x_gpio.o
 .comment       0x00000000       0x71 ..\obj\main.o
 .comment       0x00000000       0x71 ..\obj\stm32f30x_i2c.o
 .comment       0x00000000       0x71 ..\obj\mpu6050.o
 .comment       0x00000000       0x71 ..\obj\system_stm32f30x_temp.o
 .comment       0x00000000       0x71 ..\obj\syscalls.o
 .comment       0x00000000       0x71 ..\obj\stm32f30x_tim.o
 .comment       0x00000000       0x71 ..\obj\stm32f30x_usart.o

.ARM.attributes
                0x00000000       0x31
 .ARM.attributes
                0x00000000       0x33 ..\obj\stm32f30x_rcc.o
 .ARM.attributes
                0x00000033       0x33 ..\obj\stm32f30x_gpio.o
 .ARM.attributes
                0x00000066       0x33 ..\obj\main.o
 .ARM.attributes
                0x00000099       0x33 ..\obj\stm32f30x_i2c.o
 .ARM.attributes
                0x000000cc       0x33 ..\obj\mpu6050.o
 .ARM.attributes
                0x000000ff       0x33 ..\obj\system_stm32f30x_temp.o
 .ARM.attributes
                0x00000132       0x33 ..\obj\syscalls.o
 .ARM.attributes
                0x00000165       0x33 ..\obj\stm32f30x_tim.o
 .ARM.attributes
                0x00000198       0x21 ..\obj\startup_stm32f30x.o
 .ARM.attributes
                0x000001b9       0x33 ..\obj\stm32f30x_usart.o
 .ARM.attributes
                0x000001ec       0x2e c:/program files (x86)/gnu tools arm embedded/4.9 2014q4/bin/../lib/gcc/arm-none-eabi/4.9.3/../../../../arm-none-eabi/lib/armv7e-m\libg.a(lib_a-printf.o)
 .ARM.attributes
                0x0000021a       0x2e c:/program files (x86)/gnu tools arm embedded/4.9 2014q4/bin/../lib/gcc/arm-none-eabi/4.9.3/../../../../arm-none-eabi/lib/armv7e-m\libg.a(lib_a-vfprintf.o)
 .ARM.attributes
                0x00000248       0x2e c:/program files (x86)/gnu tools arm embedded/4.9 2014q4/bin/../lib/gcc/arm-none-eabi/4.9.3/../../../../arm-none-eabi/lib/armv7e-m\libg.a(lib_a-wsetup.o)
 .ARM.attributes
                0x00000276       0x2e c:/program files (x86)/gnu tools arm embedded/4.9 2014q4/bin/../lib/gcc/arm-none-eabi/4.9.3/../../../../arm-none-eabi/lib/armv7e-m\libg.a(lib_a-dtoa.o)
 .ARM.attributes
                0x000002a4       0x2e c:/program files (x86)/gnu tools arm embedded/4.9 2014q4/bin/../lib/gcc/arm-none-eabi/4.9.3/../../../../arm-none-eabi/lib/armv7e-m\libg.a(lib_a-fflush.o)
 .ARM.attributes
                0x000002d2       0x2e c:/program files (x86)/gnu tools arm embedded/4.9 2014q4/bin/../lib/gcc/arm-none-eabi/4.9.3/../../../../arm-none-eabi/lib/armv7e-m\libg.a(lib_a-findfp.o)
 .ARM.attributes
                0x00000300       0x2e c:/program files (x86)/gnu tools arm embedded/4.9 2014q4/bin/../lib/gcc/arm-none-eabi/4.9.3/../../../../arm-none-eabi/lib/armv7e-m\libg.a(lib_a-freer.o)
 .ARM.attributes
                0x0000032e       0x2e c:/program files (x86)/gnu tools arm embedded/4.9 2014q4/bin/../lib/gcc/arm-none-eabi/4.9.3/../../../../arm-none-eabi/lib/armv7e-m\libg.a(lib_a-fwalk.o)
 .ARM.attributes
                0x0000035c       0x2e c:/program files (x86)/gnu tools arm embedded/4.9 2014q4/bin/../lib/gcc/arm-none-eabi/4.9.3/../../../../arm-none-eabi/lib/armv7e-m\libg.a(lib_a-impure.o)
 .ARM.attributes
                0x0000038a       0x2e c:/program files (x86)/gnu tools arm embedded/4.9 2014q4/bin/../lib/gcc/arm-none-eabi/4.9.3/../../../../arm-none-eabi/lib/armv7e-m\libg.a(lib_a-locale.o)
 .ARM.attributes
                0x000003b8       0x2e c:/program files (x86)/gnu tools arm embedded/4.9 2014q4/bin/../lib/gcc/arm-none-eabi/4.9.3/../../../../arm-none-eabi/lib/armv7e-m\libg.a(lib_a-makebuf.o)
 .ARM.attributes
                0x000003e6       0x2e c:/program files (x86)/gnu tools arm embedded/4.9 2014q4/bin/../lib/gcc/arm-none-eabi/4.9.3/../../../../arm-none-eabi/lib/armv7e-m\libg.a(lib_a-mallocr.o)
 .ARM.attributes
                0x00000414       0x2e c:/program files (x86)/gnu tools arm embedded/4.9 2014q4/bin/../lib/gcc/arm-none-eabi/4.9.3/../../../../arm-none-eabi/lib/armv7e-m\libg.a(lib_a-memchr.o)
 .ARM.attributes
                0x00000442       0x1c c:/program files (x86)/gnu tools arm embedded/4.9 2014q4/bin/../lib/gcc/arm-none-eabi/4.9.3/../../../../arm-none-eabi/lib/armv7e-m\libg.a(lib_a-memcpy.o)
 .ARM.attributes
                0x0000045e       0x2e c:/program files (x86)/gnu tools arm embedded/4.9 2014q4/bin/../lib/gcc/arm-none-eabi/4.9.3/../../../../arm-none-eabi/lib/armv7e-m\libg.a(lib_a-memset.o)
 .ARM.attributes
                0x0000048c       0x2e c:/program files (x86)/gnu tools arm embedded/4.9 2014q4/bin/../lib/gcc/arm-none-eabi/4.9.3/../../../../arm-none-eabi/lib/armv7e-m\libg.a(lib_a-mlock.o)
 .ARM.attributes
                0x000004ba       0x2e c:/program files (x86)/gnu tools arm embedded/4.9 2014q4/bin/../lib/gcc/arm-none-eabi/4.9.3/../../../../arm-none-eabi/lib/armv7e-m\libg.a(lib_a-mprec.o)
 .ARM.attributes
                0x000004e8       0x2e c:/program files (x86)/gnu tools arm embedded/4.9 2014q4/bin/../lib/gcc/arm-none-eabi/4.9.3/../../../../arm-none-eabi/lib/armv7e-m\libg.a(lib_a-s_fpclassify.o)
 .ARM.attributes
                0x00000516       0x2e c:/program files (x86)/gnu tools arm embedded/4.9 2014q4/bin/../lib/gcc/arm-none-eabi/4.9.3/../../../../arm-none-eabi/lib/armv7e-m\libg.a(lib_a-sbrkr.o)
 .ARM.attributes
                0x00000544       0x2e c:/program files (x86)/gnu tools arm embedded/4.9 2014q4/bin/../lib/gcc/arm-none-eabi/4.9.3/../../../../arm-none-eabi/lib/armv7e-m\libg.a(lib_a-stdio.o)
 .ARM.attributes
                0x00000572       0x2e c:/program files (x86)/gnu tools arm embedded/4.9 2014q4/bin/../lib/gcc/arm-none-eabi/4.9.3/../../../../arm-none-eabi/lib/armv7e-m\libg.a(lib_a-strlen.o)
 .ARM.attributes
                0x000005a0       0x2e c:/program files (x86)/gnu tools arm embedded/4.9 2014q4/bin/../lib/gcc/arm-none-eabi/4.9.3/../../../../arm-none-eabi/lib/armv7e-m\libg.a(lib_a-vfiprintf.o)
 .ARM.attributes
                0x000005ce       0x2e c:/program files (x86)/gnu tools arm embedded/4.9 2014q4/bin/../lib/gcc/arm-none-eabi/4.9.3/../../../../arm-none-eabi/lib/armv7e-m\libg.a(lib_a-writer.o)
 .ARM.attributes
                0x000005fc       0x2e c:/program files (x86)/gnu tools arm embedded/4.9 2014q4/bin/../lib/gcc/arm-none-eabi/4.9.3/../../../../arm-none-eabi/lib/armv7e-m\libg.a(lib_a-callocr.o)
 .ARM.attributes
                0x0000062a       0x2e c:/program files (x86)/gnu tools arm embedded/4.9 2014q4/bin/../lib/gcc/arm-none-eabi/4.9.3/../../../../arm-none-eabi/lib/armv7e-m\libg.a(lib_a-closer.o)
 .ARM.attributes
                0x00000658       0x2e c:/program files (x86)/gnu tools arm embedded/4.9 2014q4/bin/../lib/gcc/arm-none-eabi/4.9.3/../../../../arm-none-eabi/lib/armv7e-m\libg.a(lib_a-fclose.o)
 .ARM.attributes
                0x00000686       0x2e c:/program files (x86)/gnu tools arm embedded/4.9 2014q4/bin/../lib/gcc/arm-none-eabi/4.9.3/../../../../arm-none-eabi/lib/armv7e-m\libg.a(lib_a-fputwc.o)
 .ARM.attributes
                0x000006b4       0x2e c:/program files (x86)/gnu tools arm embedded/4.9 2014q4/bin/../lib/gcc/arm-none-eabi/4.9.3/../../../../arm-none-eabi/lib/armv7e-m\libg.a(lib_a-fstatr.o)
 .ARM.attributes
                0x000006e2       0x2e c:/program files (x86)/gnu tools arm embedded/4.9 2014q4/bin/../lib/gcc/arm-none-eabi/4.9.3/../../../../arm-none-eabi/lib/armv7e-m\libg.a(lib_a-fvwrite.o)
 .ARM.attributes
                0x00000710       0x2e c:/program files (x86)/gnu tools arm embedded/4.9 2014q4/bin/../lib/gcc/arm-none-eabi/4.9.3/../../../../arm-none-eabi/lib/armv7e-m\libg.a(lib_a-isattyr.o)
 .ARM.attributes
                0x0000073e       0x2e c:/program files (x86)/gnu tools arm embedded/4.9 2014q4/bin/../lib/gcc/arm-none-eabi/4.9.3/../../../../arm-none-eabi/lib/armv7e-m\libg.a(lib_a-lseekr.o)
 .ARM.attributes
                0x0000076c       0x2e c:/program files (x86)/gnu tools arm embedded/4.9 2014q4/bin/../lib/gcc/arm-none-eabi/4.9.3/../../../../arm-none-eabi/lib/armv7e-m\libg.a(lib_a-memmove.o)
 .ARM.attributes
                0x0000079a       0x2e c:/program files (x86)/gnu tools arm embedded/4.9 2014q4/bin/../lib/gcc/arm-none-eabi/4.9.3/../../../../arm-none-eabi/lib/armv7e-m\libg.a(lib_a-readr.o)
 .ARM.attributes
                0x000007c8       0x2e c:/program files (x86)/gnu tools arm embedded/4.9 2014q4/bin/../lib/gcc/arm-none-eabi/4.9.3/../../../../arm-none-eabi/lib/armv7e-m\libg.a(lib_a-reallocr.o)
 .ARM.attributes
                0x000007f6       0x2e c:/program files (x86)/gnu tools arm embedded/4.9 2014q4/bin/../lib/gcc/arm-none-eabi/4.9.3/../../../../arm-none-eabi/lib/armv7e-m\libg.a(lib_a-reent.o)
 .ARM.attributes
                0x00000824       0x2e c:/program files (x86)/gnu tools arm embedded/4.9 2014q4/bin/../lib/gcc/arm-none-eabi/4.9.3/../../../../arm-none-eabi/lib/armv7e-m\libg.a(lib_a-wbuf.o)
 .ARM.attributes
                0x00000852       0x2e c:/program files (x86)/gnu tools arm embedded/4.9 2014q4/bin/../lib/gcc/arm-none-eabi/4.9.3/../../../../arm-none-eabi/lib/armv7e-m\libg.a(lib_a-wcrtomb.o)
 .ARM.attributes
                0x00000880       0x2e c:/program files (x86)/gnu tools arm embedded/4.9 2014q4/bin/../lib/gcc/arm-none-eabi/4.9.3/../../../../arm-none-eabi/lib/armv7e-m\libg.a(lib_a-wctomb_r.o)
 .ARM.attributes
                0x000008ae       0x1e c:/program files (x86)/gnu tools arm embedded/4.9 2014q4/bin/../lib/gcc/arm-none-eabi/4.9.3/armv7e-m\libgcc.a(_arm_addsubdf3.o)
 .ARM.attributes
                0x000008cc       0x1e c:/program files (x86)/gnu tools arm embedded/4.9 2014q4/bin/../lib/gcc/arm-none-eabi/4.9.3/armv7e-m\libgcc.a(_arm_muldivdf3.o)
 .ARM.attributes
                0x000008ea       0x1e c:/program files (x86)/gnu tools arm embedded/4.9 2014q4/bin/../lib/gcc/arm-none-eabi/4.9.3/armv7e-m\libgcc.a(_arm_cmpdf2.o)
 .ARM.attributes
                0x00000908       0x1e c:/program files (x86)/gnu tools arm embedded/4.9 2014q4/bin/../lib/gcc/arm-none-eabi/4.9.3/armv7e-m\libgcc.a(_arm_fixdfsi.o)
 .ARM.attributes
                0x00000926       0x1e c:/program files (x86)/gnu tools arm embedded/4.9 2014q4/bin/../lib/gcc/arm-none-eabi/4.9.3/armv7e-m\libgcc.a(_aeabi_uldivmod.o)
 .ARM.attributes
                0x00000944       0x2e c:/program files (x86)/gnu tools arm embedded/4.9 2014q4/bin/../lib/gcc/arm-none-eabi/4.9.3/armv7e-m\libgcc.a(bpabi.o)
 .ARM.attributes
                0x00000972       0x1e c:/program files (x86)/gnu tools arm embedded/4.9 2014q4/bin/../lib/gcc/arm-none-eabi/4.9.3/armv7e-m\libgcc.a(_dvmd_tls.o)
 .ARM.attributes
                0x00000990       0x2e c:/program files (x86)/gnu tools arm embedded/4.9 2014q4/bin/../lib/gcc/arm-none-eabi/4.9.3/armv7e-m\libgcc.a(_divdi3.o)
 .ARM.attributes
                0x000009be       0x2e c:/program files (x86)/gnu tools arm embedded/4.9 2014q4/bin/../lib/gcc/arm-none-eabi/4.9.3/armv7e-m\libgcc.a(_udivdi3.o)

.debug_frame    0x00000000     0x3bb8
 .debug_frame   0x00000000      0x60c ..\obj\stm32f30x_rcc.o
 .debug_frame   0x0000060c      0x214 ..\obj\stm32f30x_gpio.o
 .debug_frame   0x00000820       0xc0 ..\obj\main.o
 .debug_frame   0x000008e0      0x69c ..\obj\stm32f30x_i2c.o
 .debug_frame   0x00000f7c      0x1c8 ..\obj\mpu6050.o
 .debug_frame   0x00001144       0x7c ..\obj\system_stm32f30x_temp.o
 .debug_frame   0x000011c0      0x164 ..\obj\syscalls.o
 .debug_frame   0x00001324     0x11c4 ..\obj\stm32f30x_tim.o
 .debug_frame   0x000024e8      0x7b0 ..\obj\stm32f30x_usart.o
 .debug_frame   0x00002c98       0x74 c:/program files (x86)/gnu tools arm embedded/4.9 2014q4/bin/../lib/gcc/arm-none-eabi/4.9.3/../../../../arm-none-eabi/lib/armv7e-m\libg.a(lib_a-printf.o)
 .debug_frame   0x00002d0c       0x90 c:/program files (x86)/gnu tools arm embedded/4.9 2014q4/bin/../lib/gcc/arm-none-eabi/4.9.3/../../../../arm-none-eabi/lib/armv7e-m\libg.a(lib_a-vfprintf.o)
 .debug_frame   0x00002d9c       0x2c c:/program files (x86)/gnu tools arm embedded/4.9 2014q4/bin/../lib/gcc/arm-none-eabi/4.9.3/../../../../arm-none-eabi/lib/armv7e-m\libg.a(lib_a-wsetup.o)
 .debug_frame   0x00002dc8       0x88 c:/program files (x86)/gnu tools arm embedded/4.9 2014q4/bin/../lib/gcc/arm-none-eabi/4.9.3/../../../../arm-none-eabi/lib/armv7e-m\libg.a(lib_a-dtoa.o)
 .debug_frame   0x00002e50       0x6c c:/program files (x86)/gnu tools arm embedded/4.9 2014q4/bin/../lib/gcc/arm-none-eabi/4.9.3/../../../../arm-none-eabi/lib/armv7e-m\libg.a(lib_a-fflush.o)
 .debug_frame   0x00002ebc      0x124 c:/program files (x86)/gnu tools arm embedded/4.9 2014q4/bin/../lib/gcc/arm-none-eabi/4.9.3/../../../../arm-none-eabi/lib/armv7e-m\libg.a(lib_a-findfp.o)
 .debug_frame   0x00002fe0       0x74 c:/program files (x86)/gnu tools arm embedded/4.9 2014q4/bin/../lib/gcc/arm-none-eabi/4.9.3/../../../../arm-none-eabi/lib/armv7e-m\libg.a(lib_a-freer.o)
 .debug_frame   0x00003054       0x54 c:/program files (x86)/gnu tools arm embedded/4.9 2014q4/bin/../lib/gcc/arm-none-eabi/4.9.3/../../../../arm-none-eabi/lib/armv7e-m\libg.a(lib_a-fwalk.o)
 .debug_frame   0x000030a8       0x9c c:/program files (x86)/gnu tools arm embedded/4.9 2014q4/bin/../lib/gcc/arm-none-eabi/4.9.3/../../../../arm-none-eabi/lib/armv7e-m\libg.a(lib_a-locale.o)
 .debug_frame   0x00003144       0x48 c:/program files (x86)/gnu tools arm embedded/4.9 2014q4/bin/../lib/gcc/arm-none-eabi/4.9.3/../../../../arm-none-eabi/lib/armv7e-m\libg.a(lib_a-makebuf.o)
 .debug_frame   0x0000318c       0x58 c:/program files (x86)/gnu tools arm embedded/4.9 2014q4/bin/../lib/gcc/arm-none-eabi/4.9.3/../../../../arm-none-eabi/lib/armv7e-m\libg.a(lib_a-mallocr.o)
 .debug_frame   0x000031e4       0x3c c:/program files (x86)/gnu tools arm embedded/4.9 2014q4/bin/../lib/gcc/arm-none-eabi/4.9.3/../../../../arm-none-eabi/lib/armv7e-m\libg.a(lib_a-memchr.o)
 .debug_frame   0x00003220       0x34 c:/program files (x86)/gnu tools arm embedded/4.9 2014q4/bin/../lib/gcc/arm-none-eabi/4.9.3/../../../../arm-none-eabi/lib/armv7e-m\libg.a(lib_a-memset.o)
 .debug_frame   0x00003254       0x30 c:/program files (x86)/gnu tools arm embedded/4.9 2014q4/bin/../lib/gcc/arm-none-eabi/4.9.3/../../../../arm-none-eabi/lib/armv7e-m\libg.a(lib_a-mlock.o)
 .debug_frame   0x00003284      0x268 c:/program files (x86)/gnu tools arm embedded/4.9 2014q4/bin/../lib/gcc/arm-none-eabi/4.9.3/../../../../arm-none-eabi/lib/armv7e-m\libg.a(lib_a-mprec.o)
 .debug_frame   0x000034ec       0x34 c:/program files (x86)/gnu tools arm embedded/4.9 2014q4/bin/../lib/gcc/arm-none-eabi/4.9.3/../../../../arm-none-eabi/lib/armv7e-m\libg.a(lib_a-s_fpclassify.o)
 .debug_frame   0x00003520       0x2c c:/program files (x86)/gnu tools arm embedded/4.9 2014q4/bin/../lib/gcc/arm-none-eabi/4.9.3/../../../../arm-none-eabi/lib/armv7e-m\libg.a(lib_a-sbrkr.o)
 .debug_frame   0x0000354c       0x88 c:/program files (x86)/gnu tools arm embedded/4.9 2014q4/bin/../lib/gcc/arm-none-eabi/4.9.3/../../../../arm-none-eabi/lib/armv7e-m\libg.a(lib_a-stdio.o)
 .debug_frame   0x000035d4       0x20 c:/program files (x86)/gnu tools arm embedded/4.9 2014q4/bin/../lib/gcc/arm-none-eabi/4.9.3/../../../../arm-none-eabi/lib/armv7e-m\libg.a(lib_a-strlen.o)
 .debug_frame   0x000035f4       0xd8 c:/program files (x86)/gnu tools arm embedded/4.9 2014q4/bin/../lib/gcc/arm-none-eabi/4.9.3/../../../../arm-none-eabi/lib/armv7e-m\libg.a(lib_a-vfiprintf.o)
 .debug_frame   0x000036cc       0x2c c:/program files (x86)/gnu tools arm embedded/4.9 2014q4/bin/../lib/gcc/arm-none-eabi/4.9.3/../../../../arm-none-eabi/lib/armv7e-m\libg.a(lib_a-writer.o)
 .debug_frame   0x000036f8       0x28 c:/program files (x86)/gnu tools arm embedded/4.9 2014q4/bin/../lib/gcc/arm-none-eabi/4.9.3/../../../../arm-none-eabi/lib/armv7e-m\libg.a(lib_a-callocr.o)
 .debug_frame   0x00003720       0x2c c:/program files (x86)/gnu tools arm embedded/4.9 2014q4/bin/../lib/gcc/arm-none-eabi/4.9.3/../../../../arm-none-eabi/lib/armv7e-m\libg.a(lib_a-closer.o)
 .debug_frame   0x0000374c       0x44 c:/program files (x86)/gnu tools arm embedded/4.9 2014q4/bin/../lib/gcc/arm-none-eabi/4.9.3/../../../../arm-none-eabi/lib/armv7e-m\libg.a(lib_a-fclose.o)
 .debug_frame   0x00003790       0x68 c:/program files (x86)/gnu tools arm embedded/4.9 2014q4/bin/../lib/gcc/arm-none-eabi/4.9.3/../../../../arm-none-eabi/lib/armv7e-m\libg.a(lib_a-fputwc.o)
 .debug_frame   0x000037f8       0x2c c:/program files (x86)/gnu tools arm embedded/4.9 2014q4/bin/../lib/gcc/arm-none-eabi/4.9.3/../../../../arm-none-eabi/lib/armv7e-m\libg.a(lib_a-fstatr.o)
 .debug_frame   0x00003824       0x68 c:/program files (x86)/gnu tools arm embedded/4.9 2014q4/bin/../lib/gcc/arm-none-eabi/4.9.3/../../../../arm-none-eabi/lib/armv7e-m\libg.a(lib_a-fvwrite.o)
 .debug_frame   0x0000388c       0x2c c:/program files (x86)/gnu tools arm embedded/4.9 2014q4/bin/../lib/gcc/arm-none-eabi/4.9.3/../../../../arm-none-eabi/lib/armv7e-m\libg.a(lib_a-isattyr.o)
 .debug_frame   0x000038b8       0x2c c:/program files (x86)/gnu tools arm embedded/4.9 2014q4/bin/../lib/gcc/arm-none-eabi/4.9.3/../../../../arm-none-eabi/lib/armv7e-m\libg.a(lib_a-lseekr.o)
 .debug_frame   0x000038e4       0x30 c:/program files (x86)/gnu tools arm embedded/4.9 2014q4/bin/../lib/gcc/arm-none-eabi/4.9.3/../../../../arm-none-eabi/lib/armv7e-m\libg.a(lib_a-memmove.o)
 .debug_frame   0x00003914       0x2c c:/program files (x86)/gnu tools arm embedded/4.9 2014q4/bin/../lib/gcc/arm-none-eabi/4.9.3/../../../../arm-none-eabi/lib/armv7e-m\libg.a(lib_a-readr.o)
 .debug_frame   0x00003940       0x60 c:/program files (x86)/gnu tools arm embedded/4.9 2014q4/bin/../lib/gcc/arm-none-eabi/4.9.3/../../../../arm-none-eabi/lib/armv7e-m\libg.a(lib_a-reallocr.o)
 .debug_frame   0x000039a0       0x58 c:/program files (x86)/gnu tools arm embedded/4.9 2014q4/bin/../lib/gcc/arm-none-eabi/4.9.3/../../../../arm-none-eabi/lib/armv7e-m\libg.a(lib_a-reent.o)
 .debug_frame   0x000039f8       0x3c c:/program files (x86)/gnu tools arm embedded/4.9 2014q4/bin/../lib/gcc/arm-none-eabi/4.9.3/../../../../arm-none-eabi/lib/armv7e-m\libg.a(lib_a-wbuf.o)
 .debug_frame   0x00003a34       0x60 c:/program files (x86)/gnu tools arm embedded/4.9 2014q4/bin/../lib/gcc/arm-none-eabi/4.9.3/../../../../arm-none-eabi/lib/armv7e-m\libg.a(lib_a-wcrtomb.o)
 .debug_frame   0x00003a94       0x48 c:/program files (x86)/gnu tools arm embedded/4.9 2014q4/bin/../lib/gcc/arm-none-eabi/4.9.3/../../../../arm-none-eabi/lib/armv7e-m\libg.a(lib_a-wctomb_r.o)
 .debug_frame   0x00003adc       0x28 c:/program files (x86)/gnu tools arm embedded/4.9 2014q4/bin/../lib/gcc/arm-none-eabi/4.9.3/armv7e-m\libgcc.a(_aeabi_uldivmod.o)
 .debug_frame   0x00003b04       0x50 c:/program files (x86)/gnu tools arm embedded/4.9 2014q4/bin/../lib/gcc/arm-none-eabi/4.9.3/armv7e-m\libgcc.a(bpabi.o)
 .debug_frame   0x00003b54       0x34 c:/program files (x86)/gnu tools arm embedded/4.9 2014q4/bin/../lib/gcc/arm-none-eabi/4.9.3/armv7e-m\libgcc.a(_divdi3.o)
 .debug_frame   0x00003b88       0x30 c:/program files (x86)/gnu tools arm embedded/4.9 2014q4/bin/../lib/gcc/arm-none-eabi/4.9.3/armv7e-m\libgcc.a(_udivdi3.o)
